Archive member included to satisfy reference by file (symbol)

d:/arquivos de programas/atmel/studio/7.0/toolchain/arm/arm-gnu-toolchain/bin/../lib/gcc/arm-none-eabi/6.3.1/../../../../arm-none-eabi/lib/thumb/v7e-m\libc.a(lib_a-exit.o)
                              d:/arquivos de programas/atmel/studio/7.0/toolchain/arm/arm-gnu-toolchain/bin/../lib/gcc/arm-none-eabi/6.3.1/../../../../arm-none-eabi/lib/thumb/v7e-m/crt0.o (exit)
d:/arquivos de programas/atmel/studio/7.0/toolchain/arm/arm-gnu-toolchain/bin/../lib/gcc/arm-none-eabi/6.3.1/../../../../arm-none-eabi/lib/thumb/v7e-m\libc.a(lib_a-impure.o)
                              d:/arquivos de programas/atmel/studio/7.0/toolchain/arm/arm-gnu-toolchain/bin/../lib/gcc/arm-none-eabi/6.3.1/../../../../arm-none-eabi/lib/thumb/v7e-m\libc.a(lib_a-exit.o) (_global_impure_ptr)
d:/arquivos de programas/atmel/studio/7.0/toolchain/arm/arm-gnu-toolchain/bin/../lib/gcc/arm-none-eabi/6.3.1/../../../../arm-none-eabi/lib/thumb/v7e-m\libc.a(lib_a-init.o)
                              d:/arquivos de programas/atmel/studio/7.0/toolchain/arm/arm-gnu-toolchain/bin/../lib/gcc/arm-none-eabi/6.3.1/../../../../arm-none-eabi/lib/thumb/v7e-m/crt0.o (__libc_init_array)
d:/arquivos de programas/atmel/studio/7.0/toolchain/arm/arm-gnu-toolchain/bin/../lib/gcc/arm-none-eabi/6.3.1/../../../../arm-none-eabi/lib/thumb/v7e-m\libc.a(lib_a-iprintf.o)
                              src/example.o (iprintf)
d:/arquivos de programas/atmel/studio/7.0/toolchain/arm/arm-gnu-toolchain/bin/../lib/gcc/arm-none-eabi/6.3.1/../../../../arm-none-eabi/lib/thumb/v7e-m\libc.a(lib_a-memset.o)
                              d:/arquivos de programas/atmel/studio/7.0/toolchain/arm/arm-gnu-toolchain/bin/../lib/gcc/arm-none-eabi/6.3.1/../../../../arm-none-eabi/lib/thumb/v7e-m/crt0.o (memset)
d:/arquivos de programas/atmel/studio/7.0/toolchain/arm/arm-gnu-toolchain/bin/../lib/gcc/arm-none-eabi/6.3.1/../../../../arm-none-eabi/lib/thumb/v7e-m\libc.a(lib_a-setbuf.o)
                              src/example.o (setbuf)
d:/arquivos de programas/atmel/studio/7.0/toolchain/arm/arm-gnu-toolchain/bin/../lib/gcc/arm-none-eabi/6.3.1/../../../../arm-none-eabi/lib/thumb/v7e-m\libc.a(lib_a-setvbuf.o)
                              d:/arquivos de programas/atmel/studio/7.0/toolchain/arm/arm-gnu-toolchain/bin/../lib/gcc/arm-none-eabi/6.3.1/../../../../arm-none-eabi/lib/thumb/v7e-m\libc.a(lib_a-setbuf.o) (setvbuf)
d:/arquivos de programas/atmel/studio/7.0/toolchain/arm/arm-gnu-toolchain/bin/../lib/gcc/arm-none-eabi/6.3.1/../../../../arm-none-eabi/lib/thumb/v7e-m\libc.a(lib_a-vfiprintf.o)
                              d:/arquivos de programas/atmel/studio/7.0/toolchain/arm/arm-gnu-toolchain/bin/../lib/gcc/arm-none-eabi/6.3.1/../../../../arm-none-eabi/lib/thumb/v7e-m\libc.a(lib_a-iprintf.o) (_vfiprintf_r)
d:/arquivos de programas/atmel/studio/7.0/toolchain/arm/arm-gnu-toolchain/bin/../lib/gcc/arm-none-eabi/6.3.1/../../../../arm-none-eabi/lib/thumb/v7e-m\libc.a(lib_a-wsetup.o)
                              d:/arquivos de programas/atmel/studio/7.0/toolchain/arm/arm-gnu-toolchain/bin/../lib/gcc/arm-none-eabi/6.3.1/../../../../arm-none-eabi/lib/thumb/v7e-m\libc.a(lib_a-vfiprintf.o) (__swsetup_r)
d:/arquivos de programas/atmel/studio/7.0/toolchain/arm/arm-gnu-toolchain/bin/../lib/gcc/arm-none-eabi/6.3.1/../../../../arm-none-eabi/lib/thumb/v7e-m\libc.a(lib_a-__call_atexit.o)
                              d:/arquivos de programas/atmel/studio/7.0/toolchain/arm/arm-gnu-toolchain/bin/../lib/gcc/arm-none-eabi/6.3.1/../../../../arm-none-eabi/lib/thumb/v7e-m\libc.a(lib_a-exit.o) (__call_exitprocs)
d:/arquivos de programas/atmel/studio/7.0/toolchain/arm/arm-gnu-toolchain/bin/../lib/gcc/arm-none-eabi/6.3.1/../../../../arm-none-eabi/lib/thumb/v7e-m\libc.a(lib_a-atexit.o)
                              d:/arquivos de programas/atmel/studio/7.0/toolchain/arm/arm-gnu-toolchain/bin/../lib/gcc/arm-none-eabi/6.3.1/../../../../arm-none-eabi/lib/thumb/v7e-m\libc.a(lib_a-__call_atexit.o) (atexit)
d:/arquivos de programas/atmel/studio/7.0/toolchain/arm/arm-gnu-toolchain/bin/../lib/gcc/arm-none-eabi/6.3.1/../../../../arm-none-eabi/lib/thumb/v7e-m\libc.a(lib_a-fflush.o)
                              d:/arquivos de programas/atmel/studio/7.0/toolchain/arm/arm-gnu-toolchain/bin/../lib/gcc/arm-none-eabi/6.3.1/../../../../arm-none-eabi/lib/thumb/v7e-m\libc.a(lib_a-setvbuf.o) (_fflush_r)
d:/arquivos de programas/atmel/studio/7.0/toolchain/arm/arm-gnu-toolchain/bin/../lib/gcc/arm-none-eabi/6.3.1/../../../../arm-none-eabi/lib/thumb/v7e-m\libc.a(lib_a-findfp.o)
                              d:/arquivos de programas/atmel/studio/7.0/toolchain/arm/arm-gnu-toolchain/bin/../lib/gcc/arm-none-eabi/6.3.1/../../../../arm-none-eabi/lib/thumb/v7e-m\libc.a(lib_a-setvbuf.o) (__sinit)
d:/arquivos de programas/atmel/studio/7.0/toolchain/arm/arm-gnu-toolchain/bin/../lib/gcc/arm-none-eabi/6.3.1/../../../../arm-none-eabi/lib/thumb/v7e-m\libc.a(lib_a-fini.o)
[...]
Memory Configuration

Name             Origin             Length             Attributes
rom              0x00400000         0x00200000         xr
ram              0x20400000         0x00060000         xrw
*default*        0x00000000         0xffffffff

Linker script and memory map

LOAD d:/arquivos de programas/atmel/studio/7.0/toolchain/arm/arm-gnu-toolchain/bin/../lib/gcc/arm-none-eabi/6.3.1/thumb/v7e-m/crti.o
LOAD d:/arquivos de programas/atmel/studio/7.0/toolchain/arm/arm-gnu-toolchain/bin/../lib/gcc/arm-none-eabi/6.3.1/thumb/v7e-m/crtbegin.o
LOAD d:/arquivos de programas/atmel/studio/7.0/toolchain/arm/arm-gnu-toolchain/bin/../lib/gcc/arm-none-eabi/6.3.1/../../../../arm-none-eabi/lib/thumb/v7e-m/crt0.o
LOAD src/ASF/common/components/memory/sd_mmc/sd_mmc.o
LOAD src/ASF/common/components/memory/sd_mmc/sd_mmc_mem.o
LOAD src/ASF/common/services/clock/same70/sysclk.o
LOAD src/ASF/common/services/delay/sam/cycle_counter.o
LOAD src/ASF/common/services/serial/usart_serial.o
LOAD src/ASF/common/services/storage/ctrl_access/ctrl_access.o
LOAD src/ASF/common/utils/interrupt/interrupt_sam_nvic.o
LOAD src/ASF/common/utils/stdio/read.o
LOAD src/ASF/common/utils/stdio/write.o
LOAD src/ASF/sam/boards/same70_xplained/init.o
LOAD src/ASF/sam/drivers/hsmci/hsmci.o
LOAD src/ASF/sam/drivers/mpu/mpu.o
LOAD src/ASF/sam/drivers/pio/pio.o
LOAD src/ASF/sam/drivers/pio/pio_handler.o
LOAD src/ASF/sam/drivers/pmc/pmc.o
LOAD src/ASF/sam/drivers/pmc/sleep.o
LOAD src/ASF/sam/drivers/rtc/rtc.o
LOAD src/ASF/sam/drivers/twihs/twihs.o
LOAD src/ASF/sam/drivers/uart/uart.o
LOAD src/ASF/sam/drivers/usart/usart.o
LOAD src/ASF/sam/drivers/xdmac/xdmac.o
LOAD src/ASF/sam/utils/cmsis/same70/source/templates/gcc/startup_same70.o
LOAD src/ASF/sam/utils/cmsis/same70/source/templates/system_same70.o
LOAD src/ASF/sam/utils/syscalls/gcc/syscalls.o
LOAD src/ASF/thirdparty/fatfs/fatfs-port-r0.09/diskio.o
LOAD src/ASF/thirdparty/fatfs/fatfs-port-r0.09/sam/fattime_rtc.o
LOAD src/ASF/thirdparty/fatfs/fatfs-r0.09/src/ff.o
LOAD src/ASF/thirdparty/fatfs/fatfs-r0.09/src/option/ccsbcs.o
LOAD src/example.o
START GROUP
LOAD ../src/ASF/thirdparty/CMSIS/Lib/GCC\libarm_cortexM7lfsp_math_softfp.a
LOAD d:/arquivos de programas/atmel/studio/7.0/toolchain/arm/arm-gnu-toolchain/bin/../lib/gcc/arm-none-eabi/6.3.1/../../../../arm-none-eabi/lib/thumb/v7e-m\libm.a
END GROUP
START GROUP
LOAD d:/arquivos de programas/atmel/studio/7.0/toolchain/arm/arm-gnu-toolchain/bin/../lib/gcc/arm-none-eabi/6.3.1/thumb/v7e-m\libgcc.a
LOAD d:/arquivos de programas/atmel/studio/7.0/toolchain/arm/arm-gnu-toolchain/bin/../lib/gcc/arm-none-eabi/6.3.1/../../../../arm-none-eabi/lib/thumb/v7e-m\libc.a
END GROUP
LOAD d:/arquivos de programas/atmel/studio/7.0/toolchain/arm/arm-gnu-toolchain/bin/../lib/gcc/arm-none-eabi/6.3.1/thumb/v7e-m/crtend.o
LOAD d:/arquivos de programas/atmel/studio/7.0/toolchain/arm/arm-gnu-toolchain/bin/../lib/gcc/arm-none-eabi/6.3.1/thumb/v7e-m/crtn.o
                0x00002000                STACK_SIZE = DEFINED (STACK_SIZE)?STACK_SIZE:0x2000
                0x2045fffc                __ram_end__ = ((ORIGIN (ram) + LENGTH (ram)) - 0x4)
                0x00000200                HEAP_SIZE = DEFINED (HEAP_SIZE)?HEAP_SIZE:0x200

.text           0x00400000     0x8274
                0x00400000                . = ALIGN (0x4)
                0x00400000                _sfixed = .
 *(.vectors .vectors.*)
 .vectors       0x00400000      0x140 src/ASF/sam/utils/cmsis/same70/source/templates/gcc/startup_same70.o
                0x00400000                exception_table
 *(.text .text.* .gnu.linkonce.t.*)
 .text          0x00400140       0x6c d:/arquivos de programas/atmel/studio/7.0/toolchain/arm/arm-gnu-toolchain/bin/../lib/gcc/arm-none-eabi/6.3.1/thumb/v7e-m/crtbegin.o
 .text.sd_mmc_configure_slot
                0x004001ac       0x2c src/ASF/common/components/memory/sd_mmc/sd_mmc.o
 .text.sd_mmc_select_slot
                0x004001d8       0xfc src/ASF/common/components/memory/sd_mmc/sd_mmc.o
 .text.sdio_cmd52
                0x004002d4       0x38 src/ASF/common/components/memory/sd_mmc/sd_mmc.o
 .text.sd_mmc_cmd9_mci
                0x0040030c       0x34 src/ASF/common/components/memory/sd_mmc/sd_mmc.o
 .text.sd_mmc_deselect_slot
                0x00400340       0x1c src/ASF/common/components/memory/sd_mmc/sd_mmc.o
 .text.sd_mmc_init
                0x0040035c       0x2c src/ASF/common/components/memory/sd_mmc/sd_mmc.o
                0x0040035c                sd_mmc_init
 .text.sd_mmc_check
                0x00400388      0x884 src/ASF/common/components/memory/sd_mmc/sd_mmc.o
                0x00400388                sd_mmc_check
 .text.sd_mmc_get_type
                0x00400c0c       0x24 src/ASF/common/components/memory/sd_mmc/sd_mmc.o
                0x00400c0c                sd_mmc_get_type
 .text.sd_mmc_get_capacity
                0x00400c30       0x24 src/ASF/common/components/memory/sd_mmc/sd_mmc.o
                0x00400c30                sd_mmc_get_capacity
 .text.sd_mmc_is_write_protected
                0x00400c54        0x4 src/ASF/common/components/memory/sd_mmc/sd_mmc.o
                0x00400c54                sd_mmc_is_write_protected
 .text.sd_mmc_init_read_blocks
                0x00400c58       0xd4 src/ASF/common/components/memory/sd_mmc/sd_mmc.o
                0x00400c58                sd_mmc_init_read_blocks
 .text.sd_mmc_start_read_blocks
                0x00400d2c       0x28 src/ASF/common/components/memory/sd_mmc/sd_mmc.o
                0x00400d2c                sd_mmc_start_read_blocks
 .text.sd_mmc_wait_end_of_read_blocks
                0x00400d54       0x68 src/ASF/common/components/memory/sd_mmc/sd_mmc.o
                0x00400d54                sd_mmc_wait_end_of_read_blocks
 .text.sd_mmc_init_write_blocks
                0x00400dbc       0x8c src/ASF/common/components/memory/sd_mmc/sd_mmc.o
                0x00400dbc                sd_mmc_init_write_blocks
 .text.sd_mmc_start_write_blocks
                0x00400e48       0x28 src/ASF/common/components/memory/sd_mmc/sd_mmc.o
                0x00400e48                sd_mmc_start_write_blocks
 .text.sd_mmc_wait_end_of_write_blocks
                0x00400e70       0x64 src/ASF/common/components/memory/sd_mmc/sd_mmc.o
                0x00400e70                sd_mmc_wait_end_of_write_blocks
 .text.sd_mmc_test_unit_ready
                0x00400ed4       0x50 src/ASF/common/components/memory/sd_mmc/sd_mmc_mem.o
                0x00400ed4                sd_mmc_test_unit_ready
 .text.sd_mmc_test_unit_ready_0
                0x00400f24       0x10 src/ASF/common/components/memory/sd_mmc/sd_mmc_mem.o
                0x00400f24                sd_mmc_test_unit_ready_0
 .text.sd_mmc_read_capacity
                0x00400f34       0x20 src/ASF/common/components/memory/sd_mmc/sd_mmc_mem.o
                0x00400f34                sd_mmc_read_capacity
 .text.sd_mmc_read_capacity_0
                0x00400f54       0x10 src/ASF/common/components/memory/sd_mmc/sd_mmc_mem.o
                0x00400f54                sd_mmc_read_capacity_0
 .text.sd_mmc_wr_protect_0
                0x00400f64       0x10 src/ASF/common/components/memory/sd_mmc/sd_mmc_mem.o
                0x00400f64                sd_mmc_wr_protect_0
 .text.sd_mmc_mem_2_ram
                0x00400f74       0x3c src/ASF/common/components/memory/sd_mmc/sd_mmc_mem.o
                0x00400f74                sd_mmc_mem_2_ram
 .text.sd_mmc_mem_2_ram_0
                0x00400fb0       0x14 src/ASF/common/components/memory/sd_mmc/sd_mmc_mem.o
                0x00400fb0                sd_mmc_mem_2_ram_0
 .text.sd_mmc_ram_2_mem
                0x00400fc4       0x3c src/ASF/common/components/memory/sd_mmc/sd_mmc_mem.o
                0x00400fc4                sd_mmc_ram_2_mem
 .text.sd_mmc_ram_2_mem_0
                0x00401000       0x14 src/ASF/common/components/memory/sd_mmc/sd_mmc_mem.o
                0x00401000                sd_mmc_ram_2_mem_0
 .text.sysclk_init
                0x00401014       0x70 src/ASF/common/services/clock/same70/sysclk.o
                0x00401014                sysclk_init
 .text.mem_test_unit_ready
                0x00401084       0x14 src/ASF/common/services/storage/ctrl_access/ctrl_access.o
                0x00401084                mem_test_unit_ready
 .text.mem_read_capacity
                0x00401098       0x14 src/ASF/common/services/storage/ctrl_access/ctrl_access.o
                0x00401098                mem_read_capacity
 .text.mem_sector_size
                0x004010ac        0x8 src/ASF/common/services/storage/ctrl_access/ctrl_access.o
                0x004010ac                mem_sector_size
 .text.mem_wr_protect
                0x004010b4       0x14 src/ASF/common/services/storage/ctrl_access/ctrl_access.o
                0x004010b4                mem_wr_protect
 .text.memory_2_ram
                0x004010c8       0x18 src/ASF/common/services/storage/ctrl_access/ctrl_access.o
                0x004010c8                memory_2_ram
 .text.ram_2_memory
                0x004010e0       0x18 src/ASF/common/services/storage/ctrl_access/ctrl_access.o
                0x004010e0                ram_2_memory
 .text._read    0x004010f8       0x3c src/ASF/common/utils/stdio/read.o
                0x004010f8                _read
 .text._write   0x00401134       0x50 src/ASF/common/utils/stdio/write.o
                0x00401134                _write
 .text.board_init
                0x00401184      0x398 src/ASF/sam/boards/same70_xplained/init.o
                0x00401184                board_init
 .text.hsmci_reset
                0x0040151c       0x2a src/ASF/sam/drivers/hsmci/hsmci.o
 *fill*         0x00401546        0x2 
 .text.hsmci_send_cmd_execute
                0x00401548       0xa0 src/ASF/sam/drivers/hsmci/hsmci.o
 .text.hsmci_init
                0x004015e8       0x2c src/ASF/sam/drivers/hsmci/hsmci.o
                0x004015e8                hsmci_init
 .text.hsmci_get_bus_width
                0x00401614        0xa src/ASF/sam/drivers/hsmci/hsmci.o
                0x00401614                hsmci_get_bus_width
 .text.hsmci_is_high_speed_capable
                0x0040161e        0x4 src/ASF/sam/drivers/hsmci/hsmci.o
                0x0040161e                hsmci_is_high_speed_capable
 *fill*         0x00401622        0x2 
 .text.hsmci_select_device
                0x00401624       0xc4 src/ASF/sam/drivers/hsmci/hsmci.o
                0x00401624                hsmci_select_device
 .text.hsmci_deselect_device
                0x004016e8        0x2 src/ASF/sam/drivers/hsmci/hsmci.o
                0x004016e8                hsmci_deselect_device
 .text.hsmci_send_clock
                0x004016ea       0x22 src/ASF/sam/drivers/hsmci/hsmci.o
                0x004016ea                hsmci_send_clock
 .text.hsmci_send_cmd
                0x0040170c       0x24 src/ASF/sam/drivers/hsmci/hsmci.o
                0x0040170c                hsmci_send_cmd
 .text.hsmci_get_response
                0x00401730        0x8 src/ASF/sam/drivers/hsmci/hsmci.o
                0x00401730                hsmci_get_response
 .text.hsmci_get_response_128
                0x00401738       0x2e src/ASF/sam/drivers/hsmci/hsmci.o
                0x00401738                hsmci_get_response_128
 *fill*         0x00401766        0x2 
 .text.hsmci_adtc_start
                0x00401768       0xc8 src/ASF/sam/drivers/hsmci/hsmci.o
                0x00401768                hsmci_adtc_start
 .text.hsmci_read_word
                0x00401830       0x74 src/ASF/sam/drivers/hsmci/hsmci.o
                0x00401830                hsmci_read_word
 .text.hsmci_start_read_blocks
                0x004018a4       0xf8 src/ASF/sam/drivers/hsmci/hsmci.o
                0x004018a4                hsmci_start_read_blocks
 .text.hsmci_wait_end_of_read_blocks
                0x0040199c       0x64 src/ASF/sam/drivers/hsmci/hsmci.o
                0x0040199c                hsmci_wait_end_of_read_blocks
 .text.hsmci_start_write_blocks
                0x00401a00       0xf8 src/ASF/sam/drivers/hsmci/hsmci.o
                0x00401a00                hsmci_start_write_blocks
 .text.hsmci_wait_end_of_write_blocks
                0x00401af8       0x64 src/ASF/sam/drivers/hsmci/hsmci.o
                0x00401af8                hsmci_wait_end_of_write_blocks
 .text.mpu_enable
                0x00401b5c        0xc src/ASF/sam/drivers/mpu/mpu.o
                0x00401b5c                mpu_enable
 .text.mpu_set_region
                0x00401b68        0xc src/ASF/sam/drivers/mpu/mpu.o
                0x00401b68                mpu_set_region
 .text.mpu_cal_mpu_region_size
                0x00401b74       0x1c src/ASF/sam/drivers/mpu/mpu.o
                0x00401b74                mpu_cal_mpu_region_size
 .text.pio_set  0x00401b90        0x4 src/ASF/sam/drivers/pio/pio.o
                0x00401b90                pio_set
 .text.pio_clear
                0x00401b94        0x4 src/ASF/sam/drivers/pio/pio.o
                0x00401b94                pio_clear
 .text.pio_set_peripheral
                0x00401b98       0x92 src/ASF/sam/drivers/pio/pio.o
                0x00401b98                pio_set_peripheral
 .text.pio_set_input
                0x00401c2a       0x36 src/ASF/sam/drivers/pio/pio.o
                0x00401c2a                pio_set_input
 .text.pio_set_output
                0x00401c60       0x28 src/ASF/sam/drivers/pio/pio.o
                0x00401c60                pio_set_output
 .text.pio_get_output_data_status
                0x00401c88        0xc src/ASF/sam/drivers/pio/pio.o
                0x00401c88                pio_get_output_data_status
 .text.pio_configure_interrupt
                0x00401c94       0x32 src/ASF/sam/drivers/pio/pio.o
                0x00401c94                pio_configure_interrupt
 .text.pio_enable_interrupt
                0x00401cc6        0x4 src/ASF/sam/drivers/pio/pio.o
                0x00401cc6                pio_enable_interrupt
 .text.pio_get_interrupt_status
                0x00401cca        0x4 src/ASF/sam/drivers/pio/pio.o
                0x00401cca                pio_get_interrupt_status
 .text.pio_get_interrupt_mask
                0x00401cce        0x4 src/ASF/sam/drivers/pio/pio.o
                0x00401cce                pio_get_interrupt_mask
 *fill*         0x00401cd2        0x2 
 .text.pio_handler_process
                0x00401cd4       0x50 src/ASF/sam/drivers/pio/pio_handler.o
                0x00401cd4                pio_handler_process
 .text.pio_handler_set
                0x00401d24       0x70 src/ASF/sam/drivers/pio/pio_handler.o
                0x00401d24                pio_handler_set
 .text.PIOA_Handler
                0x00401d94       0x14 src/ASF/sam/drivers/pio/pio_handler.o
                0x00401d94                PIOA_Handler
 .text.PIOB_Handler
                0x00401da8       0x14 src/ASF/sam/drivers/pio/pio_handler.o
                0x00401da8                PIOB_Handler
 .text.PIOC_Handler
                0x00401dbc       0x14 src/ASF/sam/drivers/pio/pio_handler.o
                0x00401dbc                PIOC_Handler
 .text.PIOD_Handler
                0x00401dd0       0x14 src/ASF/sam/drivers/pio/pio_handler.o
                0x00401dd0                PIOD_Handler
 .text.PIOE_Handler
                0x00401de4       0x14 src/ASF/sam/drivers/pio/pio_handler.o
                0x00401de4                PIOE_Handler
 .text.pmc_mck_set_division
                0x00401df8       0x38 src/ASF/sam/drivers/pmc/pmc.o
                0x00401df8                pmc_mck_set_division
 .text.pmc_switch_mck_to_pllack
                0x00401e30       0x64 src/ASF/sam/drivers/pmc/pmc.o
                0x00401e30                pmc_switch_mck_to_pllack
 .text.pmc_switch_mainck_to_xtal
                0x00401e94       0x54 src/ASF/sam/drivers/pmc/pmc.o
                0x00401e94                pmc_switch_mainck_to_xtal
 .text.pmc_osc_is_ready_mainck
                0x00401ee8       0x10 src/ASF/sam/drivers/pmc/pmc.o
                0x00401ee8                pmc_osc_is_ready_mainck
 .text.pmc_disable_pllack
                0x00401ef8       0x10 src/ASF/sam/drivers/pmc/pmc.o
                0x00401ef8                pmc_disable_pllack
 .text.pmc_is_locked_pllack
                0x00401f08       0x10 src/ASF/sam/drivers/pmc/pmc.o
                0x00401f08                pmc_is_locked_pllack
 .text.pmc_enable_periph_clk
                0x00401f18       0x54 src/ASF/sam/drivers/pmc/pmc.o
                0x00401f18                pmc_enable_periph_clk
 .text.rtc_get_time
                0x00401f6c       0x5a src/ASF/sam/drivers/rtc/rtc.o
                0x00401f6c                rtc_get_time
 .text.rtc_get_date
                0x00401fc6       0x72 src/ASF/sam/drivers/rtc/rtc.o
                0x00401fc6                rtc_get_date
 .text.twihs_set_speed
                0x00402038       0xb0 src/ASF/sam/drivers/twihs/twihs.o
                0x00402038                twihs_set_speed
 .text.twihs_master_init
                0x004020e8       0x34 src/ASF/sam/drivers/twihs/twihs.o
                0x004020e8                twihs_master_init
 .text.twihs_master_read
                0x0040211c       0xac src/ASF/sam/drivers/twihs/twihs.o
                0x0040211c                twihs_master_read
 .text.twihs_master_write
                0x004021c8       0xa0 src/ASF/sam/drivers/twihs/twihs.o
                0x004021c8                twihs_master_write
 .text.uart_write
                0x00402268       0x12 src/ASF/sam/drivers/uart/uart.o
                0x00402268                uart_write
 .text.uart_read
                0x0040227a       0x14 src/ASF/sam/drivers/uart/uart.o
                0x0040227a                uart_read
 .text.usart_set_async_baudrate
                0x0040228e       0x5a src/ASF/sam/drivers/usart/usart.o
                0x0040228e                usart_set_async_baudrate
 .text.usart_reset
                0x004022e8       0x28 src/ASF/sam/drivers/usart/usart.o
                0x004022e8                usart_reset
 .text.usart_init_rs232
                0x00402310       0x54 src/ASF/sam/drivers/usart/usart.o
                0x00402310                usart_init_rs232
 .text.usart_enable_tx
                0x00402364        0x6 src/ASF/sam/drivers/usart/usart.o
                0x00402364                usart_enable_tx
 .text.usart_enable_rx
                0x0040236a        0x6 src/ASF/sam/drivers/usart/usart.o
                0x0040236a                usart_enable_rx
 .text.usart_write
                0x00402370       0x16 src/ASF/sam/drivers/usart/usart.o
                0x00402370                usart_write
 .text.usart_read
                0x00402386       0x18 src/ASF/sam/drivers/usart/usart.o
                0x00402386                usart_read
 .text.xdmac_configure_transfer
                0x0040239e       0x3c src/ASF/sam/drivers/xdmac/xdmac.o
                0x0040239e                xdmac_configure_transfer
 .text.Dummy_Handler
                0x004023da        0x2 src/ASF/sam/utils/cmsis/same70/source/templates/gcc/startup_same70.o
                0x004023da                DACC_Handler
                0x004023da                DebugMon_Handler
                0x004023da                UART3_Handler
                0x004023da                UART2_Handler
                0x004023da                TRNG_Handler
                0x004023da                HardFault_Handler
                0x004023da                TC2_Handler
                0x004023da                SysTick_Handler
                0x004023da                AFEC1_Handler
                0x004023da                PendSV_Handler
                0x004023da                NMI_Handler
                0x004023da                TC7_Handler
                0x004023da                QSPI_Handler
                0x004023da                ISI_Handler
                0x004023da                TC9_Handler
                0x004023da                RSWDT_Handler
                0x004023da                MCAN1_Handler
                0x004023da                USART0_Handler
                0x004023da                RTT_Handler
                0x004023da                USBHS_Handler
                0x004023da                RTC_Handler
                0x004023da                UsageFault_Handler
                0x004023da                TC6_Handler
                0x004023da                WDT_Handler
                0x004023da                TC4_Handler
                0x004023da                TC1_Handler
                0x004023da                HSMCI_Handler
                0x004023da                UART1_Handler
                0x004023da                TC3_Handler
                0x004023da                Dummy_Handler
                0x004023da                TWIHS1_Handler
                0x004023da                XDMAC_Handler
                0x004023da                UART4_Handler
                0x004023da                PWM1_Handler
                0x004023da                USART1_Handler
                0x004023da                PWM0_Handler
                0x004023da                AFEC0_Handler
                0x004023da                SSC_Handler
                0x004023da                TC11_Handler
                0x004023da                ACC_Handler
                0x004023da                PMC_Handler
                0x004023da                GMAC_Handler
                0x004023da                MemManage_Handler
                0x004023da                SUPC_Handler
                0x004023da                SVC_Handler
                0x004023da                TC8_Handler
                0x004023da                EFC_Handler
                0x004023da                USART2_Handler
                0x004023da                SDRAMC_Handler
                0x004023da                SPI1_Handler
                0x004023da                MCAN0_Handler
                0x004023da                TC10_Handler
                0x004023da                TWIHS2_Handler
                0x004023da                UART0_Handler
                0x004023da                BusFault_Handler
                0x004023da                RSTC_Handler
                0x004023da                TC0_Handler
                0x004023da                TC5_Handler
                0x004023da                ICM_Handler
                0x004023da                AES_Handler
                0x004023da                TWIHS0_Handler
                0x004023da                SPI0_Handler
 .text.Reset_Handler
                0x004023dc       0xc8 src/ASF/sam/utils/cmsis/same70/source/templates/gcc/startup_same70.o
                0x004023dc                Reset_Handler
 .text.SystemCoreClockUpdate
                0x004024a4      0x10c src/ASF/sam/utils/cmsis/same70/source/templates/system_same70.o
                0x004024a4                SystemCoreClockUpdate
 .text.system_init_flash
                0x004025b0       0x8c src/ASF/sam/utils/cmsis/same70/source/templates/system_same70.o
                0x004025b0                system_init_flash
 .text._sbrk    0x0040263c       0x38 src/ASF/sam/utils/syscalls/gcc/syscalls.o
                0x0040263c                _sbrk
 .text._close   0x00402674        0x6 src/ASF/sam/utils/syscalls/gcc/syscalls.o
                0x00402674                _close
 .text._fstat   0x0040267a        0xa src/ASF/sam/utils/syscalls/gcc/syscalls.o
                0x0040267a                _fstat
 .text._isatty  0x00402684        0x4 src/ASF/sam/utils/syscalls/gcc/syscalls.o
                0x00402684                _isatty
 .text._lseek   0x00402688        0x4 src/ASF/sam/utils/syscalls/gcc/syscalls.o
                0x00402688                _lseek
 .text.disk_initialize
                0x0040268c       0x40 src/ASF/thirdparty/fatfs/fatfs-port-r0.09/diskio.o
                0x0040268c                disk_initialize
 .text.disk_status
                0x004026cc       0x1c src/ASF/thirdparty/fatfs/fatfs-port-r0.09/diskio.o
                0x004026cc                disk_status
 .text.disk_read
                0x004026e8       0x70 src/ASF/thirdparty/fatfs/fatfs-port-r0.09/diskio.o
                0x004026e8                disk_read
 .text.disk_write
                0x00402758       0x70 src/ASF/thirdparty/fatfs/fatfs-port-r0.09/diskio.o
                0x00402758                disk_write
 .text.disk_ioctl
                0x004027c8       0x70 src/ASF/thirdparty/fatfs/fatfs-port-r0.09/diskio.o
                0x004027c8                disk_ioctl
 .text.get_fattime
                0x00402838       0x58 src/ASF/thirdparty/fatfs/fatfs-port-r0.09/sam/fattime_rtc.o
                0x00402838                get_fattime
 .text.mem_cpy  0x00402890       0x14 src/ASF/thirdparty/fatfs/fatfs-r0.09/src/ff.o
 .text.mem_set  0x004028a4        0xe src/ASF/thirdparty/fatfs/fatfs-r0.09/src/ff.o
 .text.clust2sect
                0x004028b2       0x18 src/ASF/thirdparty/fatfs/fatfs-r0.09/src/ff.o
 .text.sum_sfn  0x004028ca       0x1e src/ASF/thirdparty/fatfs/fatfs-r0.09/src/ff.o
 .text.validate
                0x004028e8       0x34 src/ASF/thirdparty/fatfs/fatfs-r0.09/src/ff.o
 .text.check_fs
                0x0040291c       0x90 src/ASF/thirdparty/fatfs/fatfs-r0.09/src/ff.o
 .text.chk_mounted
                0x004029ac      0x370 src/ASF/thirdparty/fatfs/fatfs-r0.09/src/ff.o
 .text.move_window
                0x00402d1c       0x90 src/ASF/thirdparty/fatfs/fatfs-r0.09/src/ff.o
 .text.get_fat  0x00402dac       0xe8 src/ASF/thirdparty/fatfs/fatfs-r0.09/src/ff.o
 .text.dir_sdi  0x00402e94       0xa4 src/ASF/thirdparty/fatfs/fatfs-r0.09/src/ff.o
 .text.put_fat  0x00402f38      0x134 src/ASF/thirdparty/fatfs/fatfs-r0.09/src/ff.o
 .text.create_chain
                0x0040306c       0xc0 src/ASF/thirdparty/fatfs/fatfs-r0.09/src/ff.o
 .text.remove_chain
                0x0040312c       0x7c src/ASF/thirdparty/fatfs/fatfs-r0.09/src/ff.o
 .text.dir_next
                0x004031a8      0x138 src/ASF/thirdparty/fatfs/fatfs-r0.09/src/ff.o
 .text.dir_find
                0x004032e0      0x1a8 src/ASF/thirdparty/fatfs/fatfs-r0.09/src/ff.o
 .text.dir_register
                0x00403488      0x2dc src/ASF/thirdparty/fatfs/fatfs-r0.09/src/ff.o
 .text.sync     0x00403764       0xcc src/ASF/thirdparty/fatfs/fatfs-r0.09/src/ff.o
 .text.follow_path
                0x00403830      0x324 src/ASF/thirdparty/fatfs/fatfs-r0.09/src/ff.o
 .text.f_mount  0x00403b54       0x28 src/ASF/thirdparty/fatfs/fatfs-r0.09/src/ff.o
                0x00403b54                f_mount
 .text.f_open   0x00403b7c      0x198 src/ASF/thirdparty/fatfs/fatfs-r0.09/src/ff.o
                0x00403b7c                f_open
 .text.f_write  0x00403d14      0x208 src/ASF/thirdparty/fatfs/fatfs-r0.09/src/ff.o
                0x00403d14                f_write
 .text.f_sync   0x00403f1c       0x98 src/ASF/thirdparty/fatfs/fatfs-r0.09/src/ff.o
                0x00403f1c                f_sync
 .text.f_close  0x00403fb4       0x18 src/ASF/thirdparty/fatfs/fatfs-r0.09/src/ff.o
                0x00403fb4                f_close
 .text.f_putc   0x00403fcc       0x2c src/ASF/thirdparty/fatfs/fatfs-r0.09/src/ff.o
                0x00403fcc                f_putc
 .text.f_puts   0x00403ff8       0x30 src/ASF/thirdparty/fatfs/fatfs-r0.09/src/ff.o
                0x00403ff8                f_puts
 .text.ff_convert
                0x00404028       0x40 src/ASF/thirdparty/fatfs/fatfs-r0.09/src/option/ccsbcs.o
                0x00404028                ff_convert
 .text.ff_wtoupper
                0x00404068       0x30 src/ASF/thirdparty/fatfs/fatfs-r0.09/src/option/ccsbcs.o
                0x00404068                ff_wtoupper
 .text.usart_serial_getchar
                0x00404098       0xdc src/example.o
 .text.usart_serial_putchar
                0x00404174       0xd4 src/example.o
 .text.pin_toggle
                0x00404248       0x2c src/example.o
                0x00404248                pin_toggle
 .text.Button1_Handler
                0x00404274       0x24 src/example.o
 .text.BUT_init
                0x00404298       0x64 src/example.o
                0x00404298                BUT_init
 .text.LED_init
                0x004042fc       0x2c src/example.o
                0x004042fc                LED_init
 .text.bme280_i2c_bus_init
                0x00404328       0x34 src/example.o
                0x00404328                bme280_i2c_bus_init
 .text.bme280_i2c_read_reg
                0x0040435c       0x50 src/example.o
                0x0040435c                bme280_i2c_read_reg
 .text.bme280_i2c_config_temp
                0x004043ac       0x3c src/example.o
                0x004043ac                bme280_i2c_config_temp
 .text.bme280_i2c_read_temp
                0x004043e8       0x48 src/example.o
                0x004043e8                bme280_i2c_read_temp
 .text.bme280_i2c_read_humd
                0x00404430       0x48 src/example.o
                0x00404430                bme280_i2c_read_humd
 .text.bme280_i2c_read_prss
                0x00404478       0x48 src/example.o
                0x00404478                bme280_i2c_read_prss
 .text.bme280_validate_id
                0x004044c0       0x34 src/example.o
                0x004044c0                bme280_validate_id
 .text.main     0x004044f4      0x3c0 src/example.o
                0x004044f4                main
 .text.__libc_init_array
                0x004048b4       0x50 d:/arquivos de programas/atmel/studio/7.0/toolchain/arm/arm-gnu-toolchain/bin/../lib/gcc/arm-none-eabi/6.3.1/../../../../arm-none-eabi/lib/thumb/v7e-m\libc.a(lib_a-init.o)
                0x004048b4                __libc_init_array
 .text.iprintf  0x00404904       0x28 d:/arquivos de programas/atmel/studio/7.0/toolchain/arm/arm-gnu-toolchain/bin/../lib/gcc/arm-none-eabi/6.3.1/../../../../arm-none-eabi/lib/thumb/v7e-m\libc.a(lib_a-iprintf.o)
                0x00404904                iprintf
 .text.memset   0x0040492c       0x9c d:/arquivos de programas/atmel/studio/7.0/toolchain/arm/arm-gnu-toolchain/bin/../lib/gcc/arm-none-eabi/6.3.1/../../../../arm-none-eabi/lib/thumb/v7e-m\libc.a(lib_a-memset.o)
                0x0040492c                memset
 .text.setbuf   0x004049c8       0x10 d:/arquivos de programas/atmel/studio/7.0/toolchain/arm/arm-gnu-toolchain/bin/../lib/gcc/arm-none-eabi/6.3.1/../../../../arm-none-eabi/lib/thumb/v7e-m\libc.a(lib_a-setbuf.o)
                0x004049c8                setbuf
 .text.setvbuf  0x004049d8      0x190 d:/arquivos de programas/atmel/studio/7.0/toolchain/arm/arm-gnu-toolchain/bin/../lib/gcc/arm-none-eabi/6.3.1/../../../../arm-none-eabi/lib/thumb/v7e-m\libc.a(lib_a-setvbuf.o)
                0x004049d8                setvbuf
 .text.__sprint_r.part.0
                0x00404b68       0x80 d:/arquivos de programas/atmel/studio/7.0/toolchain/arm/arm-gnu-toolchain/bin/../lib/gcc/arm-none-eabi/6.3.1/../../../../arm-none-eabi/lib/thumb/v7e-m\libc.a(lib_a-vfiprintf.o)
 .text._vfiprintf_r
                0x00404be8      0xc90 d:/arquivos de programas/atmel/studio/7.0/toolchain/arm/arm-gnu-toolchain/bin/../lib/gcc/arm-none-eabi/6.3.1/../../../../arm-none-eabi/lib/thumb/v7e-m\libc.a(lib_a-vfiprintf.o)
                0x00404be8                _vfiprintf_r
 .text.__sbprintf
                0x00405878       0x84 d:/arquivos de programas/atmel/studio/7.0/toolchain/arm/arm-gnu-toolchain/bin/../lib/gcc/arm-none-eabi/6.3.1/../../../../arm-none-eabi/lib/thumb/v7e-m\libc.a(lib_a-vfiprintf.o)
 .text.__swsetup_r
                0x004058fc       0xc8 d:/arquivos de programas/atmel/studio/7.0/toolchain/arm/arm-gnu-toolchain/bin/../lib/gcc/arm-none-eabi/6.3.1/../../../../arm-none-eabi/lib/thumb/v7e-m\libc.a(lib_a-wsetup.o)
                0x004058fc                __swsetup_r
 .text.startup.register_fini
                0x004059c4       0x14 d:/arquivos de programas/atmel/studio/7.0/toolchain/arm/arm-gnu-toolchain/bin/../lib/gcc/arm-none-eabi/6.3.1/../../../../arm-none-eabi/lib/thumb/v7e-m\libc.a(lib_a-__call_atexit.o)
 .text.atexit   0x004059d8        0xc d:/arquivos de programas/atmel/studio/7.0/toolchain/arm/arm-gnu-toolchain/bin/../lib/gcc/arm-none-eabi/6.3.1/../../../../arm-none-eabi/lib/thumb/v7e-m\libc.a(lib_a-atexit.o)
                0x004059d8                atexit
 .text.__sflush_r
                0x004059e4      0x140 d:/arquivos de programas/atmel/studio/7.0/toolchain/arm/arm-gnu-toolchain/bin/../lib/gcc/arm-none-eabi/6.3.1/../../../../arm-none-eabi/lib/thumb/v7e-m\libc.a(lib_a-fflush.o)
                0x004059e4                __sflush_r
 .text._fflush_r
                0x00405b24       0x54 d:/arquivos de programas/atmel/studio/7.0/toolchain/arm/arm-gnu-toolchain/bin/../lib/gcc/arm-none-eabi/6.3.1/../../../../arm-none-eabi/lib/thumb/v7e-m\libc.a(lib_a-fflush.o)
                0x00405b24                _fflush_r
 .text._cleanup_r
                0x00405b78        0xc d:/arquivos de programas/atmel/studio/7.0/toolchain/arm/arm-gnu-toolchain/bin/../lib/gcc/arm-none-eabi/6.3.1/../../../../arm-none-eabi/lib/thumb/v7e-m\libc.a(lib_a-findfp.o)
                0x00405b78                _cleanup_r
 .text.std.isra.0
                0x00405b84       0x50 d:/arquivos de programas/atmel/studio/7.0/toolchain/arm/arm-gnu-toolchain/bin/../lib/gcc/arm-none-eabi/6.3.1/../../../../arm-none-eabi/lib/thumb/v7e-m\libc.a(lib_a-findfp.o)
 .text.__sinit  0x00405bd4       0x58 d:/arquivos de programas/atmel/studio/7.0/toolchain/arm/arm-gnu-toolchain/bin/../lib/gcc/arm-none-eabi/6.3.1/../../../../arm-none-eabi/lib/thumb/v7e-m\libc.a(lib_a-findfp.o)
                0x00405bd4                __sinit
 .text.__sfp_lock_acquire
                0x00405c2c        0xc d:/arquivos de programas/atmel/studio/7.0/toolchain/arm/arm-gnu-toolchain/bin/../lib/gcc/arm-none-eabi/6.3.1/../../../../arm-none-eabi/lib/thumb/v7e-m\libc.a(lib_a-findfp.o)
                0x00405c2c                __sfp_lock_acquire
 .text.__sfp_lock_release
                0x00405c38        0xc d:/arquivos de programas/atmel/studio/7.0/toolchain/arm/arm-gnu-toolchain/bin/../lib/gcc/arm-none-eabi/6.3.1/../../../../arm-none-eabi/lib/thumb/v7e-m\libc.a(lib_a-findfp.o)
                0x00405c38                __sfp_lock_release
 .text.__libc_fini_array
                0x00405c44       0x34 d:/arquivos de programas/atmel/studio/7.0/toolchain/arm/arm-gnu-toolchain/bin/../lib/gcc/arm-none-eabi/6.3.1/../../../../arm-none-eabi/lib/thumb/v7e-m\libc.a(lib_a-fini.o)
                0x00405c44                __libc_fini_array
 .text.__fputwc
                0x00405c78       0xa0 d:/arquivos de programas/atmel/studio/7.0/toolchain/arm/arm-gnu-toolchain/bin/../lib/gcc/arm-none-eabi/6.3.1/../../../../arm-none-eabi/lib/thumb/v7e-m\libc.a(lib_a-fputwc.o)
                0x00405c78                __fputwc
 .text._fputwc_r
                0x00405d18       0x68 d:/arquivos de programas/atmel/studio/7.0/toolchain/arm/arm-gnu-toolchain/bin/../lib/gcc/arm-none-eabi/6.3.1/../../../../arm-none-eabi/lib/thumb/v7e-m\libc.a(lib_a-fputwc.o)
                0x00405d18                _fputwc_r
 .text._malloc_trim_r
                0x00405d80       0xa0 d:/arquivos de programas/atmel/studio/7.0/toolchain/arm/arm-gnu-toolchain/bin/../lib/gcc/arm-none-eabi/6.3.1/../../../../arm-none-eabi/lib/thumb/v7e-m\libc.a(lib_a-freer.o)
                0x00405d80                _malloc_trim_r
 .text._free_r  0x00405e20      0x1cc d:/arquivos de programas/atmel/studio/7.0/toolchain/arm/arm-gnu-toolchain/bin/../lib/gcc/arm-none-eabi/6.3.1/../../../../arm-none-eabi/lib/thumb/v7e-m\libc.a(lib_a-freer.o)
                0x00405e20                _free_r
 .text.__sfvwrite_r
                0x00405fec      0x2f0 d:/arquivos de programas/atmel/studio/7.0/toolchain/arm/arm-gnu-toolchain/bin/../lib/gcc/arm-none-eabi/6.3.1/../../../../arm-none-eabi/lib/thumb/v7e-m\libc.a(lib_a-fvwrite.o)
                0x00405fec                __sfvwrite_r
 .text._fwalk_reent
                0x004062dc       0x54 d:/arquivos de programas/atmel/studio/7.0/toolchain/arm/arm-gnu-toolchain/bin/../lib/gcc/arm-none-eabi/6.3.1/../../../../arm-none-eabi/lib/thumb/v7e-m\libc.a(lib_a-fwalk.o)
                0x004062dc                _fwalk_reent
 .text.__locale_mb_cur_max
                0x00406330       0x1c d:/arquivos de programas/atmel/studio/7.0/toolchain/arm/arm-gnu-toolchain/bin/../lib/gcc/arm-none-eabi/6.3.1/../../../../arm-none-eabi/lib/thumb/v7e-m\libc.a(lib_a-locale.o)
                0x00406330                __locale_mb_cur_max
 .text.__retarget_lock_init_recursive
                0x0040634c        0x4 d:/arquivos de programas/atmel/studio/7.0/toolchain/arm/arm-gnu-toolchain/bin/../lib/gcc/arm-none-eabi/6.3.1/../../../../arm-none-eabi/lib/thumb/v7e-m\libc.a(lib_a-lock.o)
                0x0040634c                __retarget_lock_init_recursive
 .text.__retarget_lock_close_recursive
                0x00406350        0x4 d:/arquivos de programas/atmel/studio/7.0/toolchain/arm/arm-gnu-toolchain/bin/../lib/gcc/arm-none-eabi/6.3.1/../../../../arm-none-eabi/lib/thumb/v7e-m\libc.a(lib_a-lock.o)
                0x00406350                __retarget_lock_close_recursive
 .text.__retarget_lock_acquire_recursive
                0x00406354        0x4 d:/arquivos de programas/atmel/studio/7.0/toolchain/arm/arm-gnu-toolchain/bin/../lib/gcc/arm-none-eabi/6.3.1/../../../../arm-none-eabi/lib/thumb/v7e-m\libc.a(lib_a-lock.o)
                0x00406354                __retarget_lock_acquire_recursive
 .text.__retarget_lock_release_recursive
                0x00406358        0x4 d:/arquivos de programas/atmel/studio/7.0/toolchain/arm/arm-gnu-toolchain/bin/../lib/gcc/arm-none-eabi/6.3.1/../../../../arm-none-eabi/lib/thumb/v7e-m\libc.a(lib_a-lock.o)
                0x00406358                __retarget_lock_release_recursive
 .text.__swhatbuf_r
                0x0040635c       0x5c d:/arquivos de programas/atmel/studio/7.0/toolchain/arm/arm-gnu-toolchain/bin/../lib/gcc/arm-none-eabi/6.3.1/../../../../arm-none-eabi/lib/thumb/v7e-m\libc.a(lib_a-makebuf.o)
                0x0040635c                __swhatbuf_r
 .text.__smakebuf_r
                0x004063b8       0x94 d:/arquivos de programas/atmel/studio/7.0/toolchain/arm/arm-gnu-toolchain/bin/../lib/gcc/arm-none-eabi/6.3.1/../../../../arm-none-eabi/lib/thumb/v7e-m\libc.a(lib_a-makebuf.o)
                0x004063b8                __smakebuf_r
 .text.malloc   0x0040644c       0x10 d:/arquivos de programas/atmel/studio/7.0/toolchain/arm/arm-gnu-toolchain/bin/../lib/gcc/arm-none-eabi/6.3.1/../../../../arm-none-eabi/lib/thumb/v7e-m\libc.a(lib_a-malloc.o)
                0x0040644c                malloc
 .text._malloc_r
                0x0040645c      0x560 d:/arquivos de programas/atmel/studio/7.0/toolchain/arm/arm-gnu-toolchain/bin/../lib/gcc/arm-none-eabi/6.3.1/../../../../arm-none-eabi/lib/thumb/v7e-m\libc.a(lib_a-mallocr.o)
                0x0040645c                _malloc_r
 .text.__ascii_mbtowc
                0x004069bc       0x2c d:/arquivos de programas/atmel/studio/7.0/toolchain/arm/arm-gnu-toolchain/bin/../lib/gcc/arm-none-eabi/6.3.1/../../../../arm-none-eabi/lib/thumb/v7e-m\libc.a(lib_a-mbtowc_r.o)
                0x004069bc                __ascii_mbtowc
 *fill*         0x004069e8        0x8 
 .text          0x004069f0       0xa0 d:/arquivos de programas/atmel/studio/7.0/toolchain/arm/arm-gnu-toolchain/bin/../lib/gcc/arm-none-eabi/6.3.1/../../../../arm-none-eabi/lib/thumb/v7e-m\libc.a(lib_a-memchr.o)
                0x004069f0                memchr
 .text          0x00406a90      0x134 d:/arquivos de programas/atmel/studio/7.0/toolchain/arm/arm-gnu-toolchain/bin/../lib/gcc/arm-none-eabi/6.3.1/../../../../arm-none-eabi/lib/thumb/v7e-m\libc.a(lib_a-memcpy.o)
                0x00406a90                memcpy
 .text.memmove  0x00406bc4       0xc8 d:/arquivos de programas/atmel/studio/7.0/toolchain/arm/arm-gnu-toolchain/bin/../lib/gcc/arm-none-eabi/6.3.1/../../../../arm-none-eabi/lib/thumb/v7e-m\libc.a(lib_a-memmove.o)
                0x00406bc4                memmove
 .text.__malloc_lock
                0x00406c8c        0xc d:/arquivos de programas/atmel/studio/7.0/toolchain/arm/arm-gnu-toolchain/bin/../lib/gcc/arm-none-eabi/6.3.1/../../../../arm-none-eabi/lib/thumb/v7e-m\libc.a(lib_a-mlock.o)
                0x00406c8c                __malloc_lock
 .text.__malloc_unlock
                0x00406c98        0xc d:/arquivos de programas/atmel/studio/7.0/toolchain/arm/arm-gnu-toolchain/bin/../lib/gcc/arm-none-eabi/6.3.1/../../../../arm-none-eabi/lib/thumb/v7e-m\libc.a(lib_a-mlock.o)
                0x00406c98                __malloc_unlock
 .text._realloc_r
                0x00406ca4      0x34c d:/arquivos de programas/atmel/studio/7.0/toolchain/arm/arm-gnu-toolchain/bin/../lib/gcc/arm-none-eabi/6.3.1/../../../../arm-none-eabi/lib/thumb/v7e-m\libc.a(lib_a-reallocr.o)
                0x00406ca4                _realloc_r
 .text._sbrk_r  0x00406ff0       0x24 d:/arquivos de programas/atmel/studio/7.0/toolchain/arm/arm-gnu-toolchain/bin/../lib/gcc/arm-none-eabi/6.3.1/../../../../arm-none-eabi/lib/thumb/v7e-m\libc.a(lib_a-sbrkr.o)
                0x00406ff0                _sbrk_r
 .text.__sread  0x00407014       0x24 d:/arquivos de programas/atmel/studio/7.0/toolchain/arm/arm-gnu-toolchain/bin/../lib/gcc/arm-none-eabi/6.3.1/../../../../arm-none-eabi/lib/thumb/v7e-m\libc.a(lib_a-stdio.o)
                0x00407014                __sread
 .text.__swrite
                0x00407038       0x3c d:/arquivos de programas/atmel/studio/7.0/toolchain/arm/arm-gnu-toolchain/bin/../lib/gcc/arm-none-eabi/6.3.1/../../../../arm-none-eabi/lib/thumb/v7e-m\libc.a(lib_a-stdio.o)
                0x00407038                __swrite
 .text.__sseek  0x00407074       0x20 d:/arquivos de programas/atmel/studio/7.0/toolchain/arm/arm-gnu-toolchain/bin/../lib/gcc/arm-none-eabi/6.3.1/../../../../arm-none-eabi/lib/thumb/v7e-m\libc.a(lib_a-stdio.o)
                0x00407074                __sseek
 .text.__sclose
                0x00407094        0x8 d:/arquivos de programas/atmel/studio/7.0/toolchain/arm/arm-gnu-toolchain/bin/../lib/gcc/arm-none-eabi/6.3.1/../../../../arm-none-eabi/lib/thumb/v7e-m\libc.a(lib_a-stdio.o)
                0x00407094                __sclose
 *fill*         0x0040709c       0x24 
 .text          0x004070c0       0xdc d:/arquivos de programas/atmel/studio/7.0/toolchain/arm/arm-gnu-toolchain/bin/../lib/gcc/arm-none-eabi/6.3.1/../../../../arm-none-eabi/lib/thumb/v7e-m\libc.a(lib_a-strlen.o)
                0x004070c0                strlen
 .text.__swbuf_r
                0x0040719c       0xb0 d:/arquivos de programas/atmel/studio/7.0/toolchain/arm/arm-gnu-toolchain/bin/../lib/gcc/arm-none-eabi/6.3.1/../../../../arm-none-eabi/lib/thumb/v7e-m\libc.a(lib_a-wbuf.o)
                0x0040719c                __swbuf_r
 .text._wcrtomb_r
                0x0040724c       0x54 d:/arquivos de programas/atmel/studio/7.0/toolchain/arm/arm-gnu-toolchain/bin/../lib/gcc/arm-none-eabi/6.3.1/../../../../arm-none-eabi/lib/thumb/v7e-m\libc.a(lib_a-wcrtomb.o)
                0x0040724c                _wcrtomb_r
 .text.__ascii_wctomb
                0x004072a0       0x1c d:/arquivos de programas/atmel/studio/7.0/toolchain/arm/arm-gnu-toolchain/bin/../lib/gcc/arm-none-eabi/6.3.1/../../../../arm-none-eabi/lib/thumb/v7e-m\libc.a(lib_a-wctomb_r.o)
                0x004072a0                __ascii_wctomb
 .text._write_r
                0x004072bc       0x2c d:/arquivos de programas/atmel/studio/7.0/toolchain/arm/arm-gnu-toolchain/bin/../lib/gcc/arm-none-eabi/6.3.1/../../../../arm-none-eabi/lib/thumb/v7e-m\libc.a(lib_a-writer.o)
                0x004072bc                _write_r
 .text.__register_exitproc
                0x004072e8       0xc4 d:/arquivos de programas/atmel/studio/7.0/toolchain/arm/arm-gnu-toolchain/bin/../lib/gcc/arm-none-eabi/6.3.1/../../../../arm-none-eabi/lib/thumb/v7e-m\libc.a(lib_a-__atexit.o)
                0x004072e8                __register_exitproc
 .text._close_r
                0x004073ac       0x24 d:/arquivos de programas/atmel/studio/7.0/toolchain/arm/arm-gnu-toolchain/bin/../lib/gcc/arm-none-eabi/6.3.1/../../../../arm-none-eabi/lib/thumb/v7e-m\libc.a(lib_a-closer.o)
                0x004073ac                _close_r
 .text._fclose_r
                0x004073d0       0xc4 d:/arquivos de programas/atmel/studio/7.0/toolchain/arm/arm-gnu-toolchain/bin/../lib/gcc/arm-none-eabi/6.3.1/../../../../arm-none-eabi/lib/thumb/v7e-m\libc.a(lib_a-fclose.o)
                0x004073d0                _fclose_r
 .text._fstat_r
                0x00407494       0x28 d:/arquivos de programas/atmel/studio/7.0/toolchain/arm/arm-gnu-toolchain/bin/../lib/gcc/arm-none-eabi/6.3.1/../../../../arm-none-eabi/lib/thumb/v7e-m\libc.a(lib_a-fstatr.o)
                0x00407494                _fstat_r
 .text._isatty_r
                0x004074bc       0x24 d:/arquivos de programas/atmel/studio/7.0/toolchain/arm/arm-gnu-toolchain/bin/../lib/gcc/arm-none-eabi/6.3.1/../../../../arm-none-eabi/lib/thumb/v7e-m\libc.a(lib_a-isattyr.o)
                0x004074bc                _isatty_r
 .text._lseek_r
                0x004074e0       0x2c d:/arquivos de programas/atmel/studio/7.0/toolchain/arm/arm-gnu-toolchain/bin/../lib/gcc/arm-none-eabi/6.3.1/../../../../arm-none-eabi/lib/thumb/v7e-m\libc.a(lib_a-lseekr.o)
                0x004074e0                _lseek_r
 .text._read_r  0x0040750c       0x2c d:/arquivos de programas/atmel/studio/7.0/toolchain/arm/arm-gnu-toolchain/bin/../lib/gcc/arm-none-eabi/6.3.1/../../../../arm-none-eabi/lib/thumb/v7e-m\libc.a(lib_a-readr.o)
                0x0040750c                _read_r
 .text          0x00407538       0x30 d:/arquivos de programas/atmel/studio/7.0/toolchain/arm/arm-gnu-toolchain/bin/../lib/gcc/arm-none-eabi/6.3.1/thumb/v7e-m\libgcc.a(_aeabi_uldivmod.o)
                0x00407538                __aeabi_uldivmod
 .text          0x00407568      0x2dc d:/arquivos de programas/atmel/studio/7.0/toolchain/arm/arm-gnu-toolchain/bin/../lib/gcc/arm-none-eabi/6.3.1/thumb/v7e-m\libgcc.a(_udivmoddi4.o)
                0x00407568                __udivmoddi4
 .text          0x00407844        0x4 d:/arquivos de programas/atmel/studio/7.0/toolchain/arm/arm-gnu-toolchain/bin/../lib/gcc/arm-none-eabi/6.3.1/thumb/v7e-m\libgcc.a(_dvmd_tls.o)
                0x00407844                __aeabi_idiv0
                0x00407844                __aeabi_ldiv0
 *(.glue_7t)
 .glue_7t       0x00407848        0x0 linker stubs
 *(.glue_7)
 .glue_7        0x00407848        0x0 linker stubs
 *(.rodata .rodata* .gnu.linkonce.r.*)
 .rodata.mmc_trans_multipliers
                0x00407848       0x40 src/ASF/common/components/memory/sd_mmc/sd_mmc.o
                0x00407848                mmc_trans_multipliers
 .rodata.sd_mmc_trans_units
                0x00407888       0x1c src/ASF/common/components/memory/sd_mmc/sd_mmc.o
                0x00407888                sd_mmc_trans_units
 .rodata.sd_trans_multipliers
                0x004078a4       0x40 src/ASF/common/components/memory/sd_mmc/sd_mmc.o
                0x004078a4                sd_trans_multipliers
 .rodata.LfnOfs
                0x004078e4        0xd src/ASF/thirdparty/fatfs/fatfs-r0.09/src/ff.o
 *fill*         0x004078f1        0x3 
 .rodata.excvt.5681
                0x004078f4       0x80 src/ASF/thirdparty/fatfs/fatfs-r0.09/src/ff.o
 .rodata.follow_path.str1.4
                0x00407974       0x13 src/ASF/thirdparty/fatfs/fatfs-r0.09/src/ff.o
 *fill*         0x00407987        0x1 
 .rodata.Tbl    0x00407988      0x100 src/ASF/thirdparty/fatfs/fatfs-r0.09/src/option/ccsbcs.o
 .rodata.tbl_lower.5431
                0x00407a88      0x1e0 src/ASF/thirdparty/fatfs/fatfs-r0.09/src/option/ccsbcs.o
 .rodata.tbl_upper.5432
                0x00407c68      0x1e0 src/ASF/thirdparty/fatfs/fatfs-r0.09/src/option/ccsbcs.o
 .rodata.main.str1.4
                0x00407e48      0x29e src/example.o
 *fill*         0x004080e6        0x2 
 .rodata._global_impure_ptr
                0x004080e8        0x4 d:/arquivos de programas/atmel/studio/7.0/toolchain/arm/arm-gnu-toolchain/bin/../lib/gcc/arm-none-eabi/6.3.1/../../../../arm-none-eabi/lib/thumb/v7e-m\libc.a(lib_a-impure.o)
                0x004080e8                _global_impure_ptr
 .rodata._vfiprintf_r.str1.4
                0x004080ec       0x2f d:/arquivos de programas/atmel/studio/7.0/toolchain/arm/arm-gnu-toolchain/bin/../lib/gcc/arm-none-eabi/6.3.1/../../../../arm-none-eabi/lib/thumb/v7e-m\libc.a(lib_a-vfiprintf.o)
 *fill*         0x0040811b        0x1 
 .rodata.blanks.7217
                0x0040811c       0x10 d:/arquivos de programas/atmel/studio/7.0/toolchain/arm/arm-gnu-toolchain/bin/../lib/gcc/arm-none-eabi/6.3.1/../../../../arm-none-eabi/lib/thumb/v7e-m\libc.a(lib_a-vfiprintf.o)
 .rodata.zeroes.7218
                0x0040812c       0x10 d:/arquivos de programas/atmel/studio/7.0/toolchain/arm/arm-gnu-toolchain/bin/../lib/gcc/arm-none-eabi/6.3.1/../../../../arm-none-eabi/lib/thumb/v7e-m\libc.a(lib_a-vfiprintf.o)
 .rodata._setlocale_r.str1.4
                0x0040813c        0xa d:/arquivos de programas/atmel/studio/7.0/toolchain/arm/arm-gnu-toolchain/bin/../lib/gcc/arm-none-eabi/6.3.1/../../../../arm-none-eabi/lib/thumb/v7e-m\libc.a(lib_a-locale.o)
                                  0xd (size before relaxing)
 *fill*         0x00408146        0x2 
 .rodata.str1.4
                0x00408148        0x4 d:/arquivos de programas/atmel/studio/7.0/toolchain/arm/arm-gnu-toolchain/bin/../lib/gcc/arm-none-eabi/6.3.1/../../../../arm-none-eabi/lib/thumb/v7e-m\libc.a(lib_a-locale.o)
                                  0x2 (size before relaxing)
 .rodata._ctype_
                0x0040814c      0x101 d:/arquivos de programas/atmel/studio/7.0/toolchain/arm/arm-gnu-toolchain/bin/../lib/gcc/arm-none-eabi/6.3.1/../../../../arm-none-eabi/lib/thumb/v7e-m\libc.a(lib_a-ctype_.o)
                0x0040814c                _ctype_
 *(.ARM.extab* .gnu.linkonce.armextab.*)
                0x00408250                . = ALIGN (0x4)
 *fill*         0x0040824d        0x3 
 *(.init)
 .init          0x00408250        0x4 d:/arquivos de programas/atmel/studio/7.0/toolchain/arm/arm-gnu-toolchain/bin/../lib/gcc/arm-none-eabi/6.3.1/thumb/v7e-m/crti.o
                0x00408250                _init
 .init          0x00408254        0x8 d:/arquivos de programas/atmel/studio/7.0/toolchain/arm/arm-gnu-toolchain/bin/../lib/gcc/arm-none-eabi/6.3.1/thumb/v7e-m/crtn.o
                0x0040825c                . = ALIGN (0x4)
                0x0040825c                __preinit_array_start = .
 *(.preinit_array)
                0x0040825c                __preinit_array_end = .
                0x0040825c                . = ALIGN (0x4)
                0x0040825c                __init_array_start = .
 *(SORT(.init_array.*))
 .init_array.00000
                0x0040825c        0x4 d:/arquivos de programas/atmel/studio/7.0/toolchain/arm/arm-gnu-toolchain/bin/../lib/gcc/arm-none-eabi/6.3.1/../../../../arm-none-eabi/lib/thumb/v7e-m\libc.a(lib_a-__call_atexit.o)
 *(.init_array)
 .init_array    0x00408260        0x4 d:/arquivos de programas/atmel/studio/7.0/toolchain/arm/arm-gnu-toolchain/bin/../lib/gcc/arm-none-eabi/6.3.1/thumb/v7e-m/crtbegin.o
                0x00408264                __init_array_end = .
                0x00408264                . = ALIGN (0x4)
 *crtbegin.o(.ctors)
 *(EXCLUDE_FILE(*crtend.o) .ctors)
 *(SORT(.ctors.*))
 *crtend.o(.ctors)
                0x00408264                . = ALIGN (0x4)
 *(.fini)
 .fini          0x00408264        0x4 d:/arquivos de programas/atmel/studio/7.0/toolchain/arm/arm-gnu-toolchain/bin/../lib/gcc/arm-none-eabi/6.3.1/thumb/v7e-m/crti.o
                0x00408264                _fini
 .fini          0x00408268        0x8 d:/arquivos de programas/atmel/studio/7.0/toolchain/arm/arm-gnu-toolchain/bin/../lib/gcc/arm-none-eabi/6.3.1/thumb/v7e-m/crtn.o
                0x00408270                . = ALIGN (0x4)
                0x00408270                __fini_array_start = .
 *(.fini_array)
 .fini_array    0x00408270        0x4 d:/arquivos de programas/atmel/studio/7.0/toolchain/arm/arm-gnu-toolchain/bin/../lib/gcc/arm-none-eabi/6.3.1/thumb/v7e-m/crtbegin.o
 *(SORT(.fini_array.*))
                0x00408274                __fini_array_end = .
 *crtbegin.o(.dtors)
 *(EXCLUDE_FILE(*crtend.o) .dtors)
 *(SORT(.dtors.*))
 *crtend.o(.dtors)
                0x00408274                . = ALIGN (0x4)
                0x00408274                _efixed = .
                [!provide]                PROVIDE (__exidx_start, .)

.vfp11_veneer   0x00408274        0x0
 .vfp11_veneer  0x00408274        0x0 linker stubs

.v4_bx          0x00408274        0x0
 .v4_bx         0x00408274        0x0 linker stubs

.iplt           0x00408274        0x0
 .iplt          0x00408274        0x0 d:/arquivos de programas/atmel/studio/7.0/toolchain/arm/arm-gnu-toolchain/bin/../lib/gcc/arm-none-eabi/6.3.1/thumb/v7e-m/crtbegin.o

.ARM.exidx      0x00408274        0x8
 *(.ARM.exidx* .gnu.linkonce.armexidx.*)
 .ARM.exidx     0x00408274        0x8 d:/arquivos de programas/atmel/studio/7.0/toolchain/arm/arm-gnu-toolchain/bin/../lib/gcc/arm-none-eabi/6.3.1/thumb/v7e-m\libgcc.a(_udivmoddi4.o)
                [!provide]                PROVIDE (__exidx_end, .)

.eh_frame       0x0040827c        0x0
 .eh_frame      0x0040827c        0x0 d:/arquivos de programas/atmel/studio/7.0/toolchain/arm/arm-gnu-toolchain/bin/../lib/gcc/arm-none-eabi/6.3.1/thumb/v7e-m/crtbegin.o

.rel.dyn        0x0040827c        0x0
 .rel.iplt      0x0040827c        0x0 d:/arquivos de programas/atmel/studio/7.0/toolchain/arm/arm-gnu-toolchain/bin/../lib/gcc/arm-none-eabi/6.3.1/thumb/v7e-m/crtbegin.o

.jcr            0x0040827c        0x0
 .jcr           0x0040827c        0x0 d:/arquivos de programas/atmel/studio/7.0/toolchain/arm/arm-gnu-toolchain/bin/../lib/gcc/arm-none-eabi/6.3.1/thumb/v7e-m/crtbegin.o

.igot.plt       0x0040827c        0x0
 .igot.plt      0x0040827c        0x0 d:/arquivos de programas/atmel/studio/7.0/toolchain/arm/arm-gnu-toolchain/bin/../lib/gcc/arm-none-eabi/6.3.1/thumb/v7e-m/crtbegin.o
                0x0040827c                . = ALIGN (0x4)
                0x0040827c                _etext = .

.relocate       0x20400000      0x9e8 load address 0x0040827c
                0x20400000                . = ALIGN (0x4)
                0x20400000                _srelocate = .
 *(.ramfunc .ramfunc.*)
 .ramfunc       0x20400000        0xa src/ASF/common/services/delay/sam/cycle_counter.o
                0x20400000                portable_delay_cycles
 *(.data .data.*)
 *fill*         0x2040000a        0x2 
 .data.sd_mmc_cards
                0x2040000c       0x24 src/ASF/common/components/memory/sd_mmc/sd_mmc.o
 .data.g_interrupt_enabled
                0x20400030        0x1 src/ASF/common/utils/interrupt/interrupt_sam_nvic.o
                0x20400030                g_interrupt_enabled
 *fill*         0x20400031        0x3 
 .data.SystemCoreClock
                0x20400034        0x4 src/ASF/sam/utils/cmsis/same70/source/templates/system_same70.o
                0x20400034                SystemCoreClock
 .data._impure_ptr
                0x20400038        0x4 d:/arquivos de programas/atmel/studio/7.0/toolchain/arm/arm-gnu-toolchain/bin/../lib/gcc/arm-none-eabi/6.3.1/../../../../arm-none-eabi/lib/thumb/v7e-m\libc.a(lib_a-impure.o)
                0x20400038                _impure_ptr
 *fill*         0x2040003c        0x4 
 .data.impure_data
                0x20400040      0x428 d:/arquivos de programas/atmel/studio/7.0/toolchain/arm/arm-gnu-toolchain/bin/../lib/gcc/arm-none-eabi/6.3.1/../../../../arm-none-eabi/lib/thumb/v7e-m\libc.a(lib_a-impure.o)
 .data.__atexit_recursive_mutex
                0x20400468        0x4 d:/arquivos de programas/atmel/studio/7.0/toolchain/arm/arm-gnu-toolchain/bin/../lib/gcc/arm-none-eabi/6.3.1/../../../../arm-none-eabi/lib/thumb/v7e-m\libc.a(lib_a-__call_atexit.o)
                0x20400468                __atexit_recursive_mutex
 .data.__global_locale
                0x2040046c      0x16c d:/arquivos de programas/atmel/studio/7.0/toolchain/arm/arm-gnu-toolchain/bin/../lib/gcc/arm-none-eabi/6.3.1/../../../../arm-none-eabi/lib/thumb/v7e-m\libc.a(lib_a-locale.o)
                0x2040046c                __global_locale
 .data.__malloc_av_
                0x204005d8      0x408 d:/arquivos de programas/atmel/studio/7.0/toolchain/arm/arm-gnu-toolchain/bin/../lib/gcc/arm-none-eabi/6.3.1/../../../../arm-none-eabi/lib/thumb/v7e-m\libc.a(lib_a-mallocr.o)
                0x204005d8                __malloc_av_
 .data.__malloc_sbrk_base
                0x204009e0        0x4 d:/arquivos de programas/atmel/studio/7.0/toolchain/arm/arm-gnu-toolchain/bin/../lib/gcc/arm-none-eabi/6.3.1/../../../../arm-none-eabi/lib/thumb/v7e-m\libc.a(lib_a-mallocr.o)
                0x204009e0                __malloc_sbrk_base
 .data.__malloc_trim_threshold
                0x204009e4        0x4 d:/arquivos de programas/atmel/studio/7.0/toolchain/arm/arm-gnu-toolchain/bin/../lib/gcc/arm-none-eabi/6.3.1/../../../../arm-none-eabi/lib/thumb/v7e-m\libc.a(lib_a-mallocr.o)
                0x204009e4                __malloc_trim_threshold
                0x204009e8                . = ALIGN (0x4)
                0x204009e8                _erelocate = .

.bss            0x204009e8      0x13c load address 0x00408c64
                0x204009e8                . = ALIGN (0x4)
                0x204009e8                _sbss = .
                0x204009e8                _szero = .
 *(.bss .bss.*)
 .bss           0x204009e8       0x1c d:/arquivos de programas/atmel/studio/7.0/toolchain/arm/arm-gnu-toolchain/bin/../lib/gcc/arm-none-eabi/6.3.1/thumb/v7e-m/crtbegin.o
 .bss.sd_mmc_card
                0x20400a04        0x4 src/ASF/common/components/memory/sd_mmc/sd_mmc.o
 .bss.sd_mmc_nb_block_remaining
                0x20400a08        0x2 src/ASF/common/components/memory/sd_mmc/sd_mmc.o
 .bss.sd_mmc_nb_block_to_tranfer
                0x20400a0a        0x2 src/ASF/common/components/memory/sd_mmc/sd_mmc.o
 .bss.sd_mmc_sam_systick_used
                0x20400a0c        0x1 src/ASF/common/components/memory/sd_mmc/sd_mmc.o
 .bss.sd_mmc_slot_sel
                0x20400a0d        0x1 src/ASF/common/components/memory/sd_mmc/sd_mmc.o
 *fill*         0x20400a0e        0x2 
 .bss.sd_mmc_ejected
                0x20400a10        0x2 src/ASF/common/components/memory/sd_mmc/sd_mmc_mem.o
 .bss.hsmci_block_size
                0x20400a12        0x2 src/ASF/sam/drivers/hsmci/hsmci.o
 .bss.hsmci_nb_block
                0x20400a14        0x2 src/ASF/sam/drivers/hsmci/hsmci.o
 *fill*         0x20400a16        0x2 
 .bss.hsmci_transfert_pos
                0x20400a18        0x4 src/ASF/sam/drivers/hsmci/hsmci.o
 .bss.gs_interrupt_sources
                0x20400a1c       0x70 src/ASF/sam/drivers/pio/pio_handler.o
 .bss.gs_ul_nb_sources
                0x20400a8c        0x4 src/ASF/sam/drivers/pio/pio_handler.o
 .bss.ul_reg_val.9325
                0x20400a90        0x4 src/ASF/sam/drivers/usart/usart.o
 .bss.heap.6420
                0x20400a94        0x4 src/ASF/sam/utils/syscalls/gcc/syscalls.o
 .bss.FatFs     0x20400a98       0x20 src/ASF/thirdparty/fatfs/fatfs-r0.09/src/ff.o
 .bss.Fsid      0x20400ab8        0x2 src/ASF/thirdparty/fatfs/fatfs-r0.09/src/ff.o
 *fill*         0x20400aba        0x2 
 .bss.__malloc_current_mallinfo
                0x20400abc       0x28 d:/arquivos de programas/atmel/studio/7.0/toolchain/arm/arm-gnu-toolchain/bin/../lib/gcc/arm-none-eabi/6.3.1/../../../../arm-none-eabi/lib/thumb/v7e-m\libc.a(lib_a-mallocr.o)
                0x20400abc                __malloc_current_mallinfo
 .bss.__malloc_max_sbrked_mem
                0x20400ae4        0x4 d:/arquivos de programas/atmel/studio/7.0/toolchain/arm/arm-gnu-toolchain/bin/../lib/gcc/arm-none-eabi/6.3.1/../../../../arm-none-eabi/lib/thumb/v7e-m\libc.a(lib_a-mallocr.o)
                0x20400ae4                __malloc_max_sbrked_mem
 .bss.__malloc_max_total_mem
                0x20400ae8        0x4 d:/arquivos de programas/atmel/studio/7.0/toolchain/arm/arm-gnu-toolchain/bin/../lib/gcc/arm-none-eabi/6.3.1/../../../../arm-none-eabi/lib/thumb/v7e-m\libc.a(lib_a-mallocr.o)
                0x20400ae8                __malloc_max_total_mem
 .bss.__malloc_top_pad
                0x20400aec        0x4 d:/arquivos de programas/atmel/studio/7.0/toolchain/arm/arm-gnu-toolchain/bin/../lib/gcc/arm-none-eabi/6.3.1/../../../../arm-none-eabi/lib/thumb/v7e-m\libc.a(lib_a-mallocr.o)
                0x20400aec                __malloc_top_pad
 *(COMMON)
 COMMON         0x20400af0        0x4 src/ASF/common/utils/stdio/read.o
                0x20400af0                ptr_get
 COMMON         0x20400af4        0x8 src/ASF/common/utils/stdio/write.o
                0x20400af4                ptr_put
                0x20400af8                stdio_base
 COMMON         0x20400afc       0x21 d:/arquivos de programas/atmel/studio/7.0/toolchain/arm/arm-gnu-toolchain/bin/../lib/gcc/arm-none-eabi/6.3.1/../../../../arm-none-eabi/lib/thumb/v7e-m\libc.a(lib_a-lock.o)
                0x20400afc                __lock___atexit_recursive_mutex
                0x20400b00                __lock___arc4random_mutex
                0x20400b04                __lock___env_recursive_mutex
                0x20400b08                __lock___sinit_recursive_mutex
                0x20400b0c                __lock___malloc_recursive_mutex
                0x20400b10                __lock___at_quick_exit_mutex
                0x20400b14                __lock___dd_hash_mutex
                0x20400b18                __lock___tz_mutex
                0x20400b1c                __lock___sfp_recursive_mutex
 *fill*         0x20400b1d        0x3 
 COMMON         0x20400b20        0x4 d:/arquivos de programas/atmel/studio/7.0/toolchain/arm/arm-gnu-toolchain/bin/../lib/gcc/arm-none-eabi/6.3.1/../../../../arm-none-eabi/lib/thumb/v7e-m\libc.a(lib_a-reent.o)
                0x20400b20                errno
                0x20400b24                . = ALIGN (0x4)
                0x20400b24                _ebss = .
                0x20400b24                _ezero = .

.stack          0x20400b24     0x2004 load address 0x00408da0
                0x20400b28                . = ALIGN (0x8)
 *fill*         0x20400b24        0x4 
                0x20400b28                _sstack = .
                0x20402b28                . = (. + STACK_SIZE)
 *fill*         0x20400b28     0x2000 
                0x20402b28                . = ALIGN (0x8)
                0x20402b28                _estack = .

.heap           0x20402b28      0x200 load address 0x0040ada4
                0x20402b28                . = ALIGN (0x8)
                0x20402b28                _sheap = .
                0x20402d28                . = (. + HEAP_SIZE)
 *fill*         0x20402b28      0x200 
                0x20402d28                . = ALIGN (0x8)
                0x20402d28                _eheap = .
                0x20402d28                . = ALIGN (0x4)
                0x20402d28                _end = .
                0x2045ffff                _ram_end_ = ((ORIGIN (ram) + LENGTH (ram)) - 0x1)
OUTPUT(SD-CARD.elf elf32-littlearm)

.ARM.attributes
                0x00000000       0x2e
 .ARM.attributes
                0x00000000       0x1e d:/arquivos de programas/atmel/studio/7.0/toolchain/arm/arm-gnu-toolchain/bin/../lib/gcc/arm-none-eabi/6.3.1/thumb/v7e-m/crti.o
 .ARM.attributes
                0x0000001e       0x2e d:/arquivos de programas/atmel/studio/7.0/toolchain/arm/arm-gnu-toolchain/bin/../lib/gcc/arm-none-eabi/6.3.1/thumb/v7e-m/crtbegin.o
 .ARM.attributes
                0x0000004c       0x37 src/ASF/common/components/memory/sd_mmc/sd_mmc.o
 .ARM.attributes
                0x00000083       0x37 src/ASF/common/components/memory/sd_mmc/sd_mmc_mem.o
 .ARM.attributes
                0x000000ba       0x37 src/ASF/common/services/clock/same70/sysclk.o
 .ARM.attributes
                0x000000f1       0x37 src/ASF/common/services/delay/sam/cycle_counter.o
 .ARM.attributes
                0x00000128       0x37 src/ASF/common/services/storage/ctrl_access/ctrl_access.o
 .ARM.attributes
                0x0000015f       0x37 src/ASF/common/utils/interrupt/interrupt_sam_nvic.o
 .ARM.attributes
                0x00000196       0x37 src/ASF/common/utils/stdio/read.o
 .ARM.attributes
                0x000001cd       0x37 src/ASF/common/utils/stdio/write.o
 .ARM.attributes
                0x00000204       0x37 src/ASF/sam/boards/same70_xplained/init.o
 .ARM.attributes
                0x0000023b       0x37 src/ASF/sam/drivers/hsmci/hsmci.o
 .ARM.attributes
                0x00000272       0x37 src/ASF/sam/drivers/mpu/mpu.o
 .ARM.attributes
                0x000002a9       0x37 src/ASF/sam/drivers/pio/pio.o
 .ARM.attributes
                0x000002e0       0x37 src/ASF/sam/drivers/pio/pio_handler.o
 .ARM.attributes
                0x00000317       0x37 src/ASF/sam/drivers/pmc/pmc.o
 .ARM.attributes
                0x0000034e       0x37 src/ASF/sam/drivers/rtc/rtc.o
 .ARM.attributes
                0x00000385       0x37 src/ASF/sam/drivers/twihs/twihs.o
 .ARM.attributes
                0x000003bc       0x37 src/ASF/sam/drivers/uart/uart.o
 .ARM.attributes
                0x000003f3       0x37 src/ASF/sam/drivers/usart/usart.o
 .ARM.attributes
                0x0000042a       0x37 src/ASF/sam/drivers/xdmac/xdmac.o
 .ARM.attributes
                0x00000461       0x37 src/ASF/sam/utils/cmsis/same70/source/templates/gcc/startup_same70.o
 .ARM.attributes
                0x00000498       0x37 src/ASF/sam/utils/cmsis/same70/source/templates/system_same70.o
 .ARM.attributes
                0x000004cf       0x37 src/ASF/sam/utils/syscalls/gcc/syscalls.o
 .ARM.attributes
                0x00000506       0x37 src/ASF/thirdparty/fatfs/fatfs-port-r0.09/diskio.o
 .ARM.attributes
                0x0000053d       0x37 src/ASF/thirdparty/fatfs/fatfs-port-r0.09/sam/fattime_rtc.o
 .ARM.attributes
                0x00000574       0x37 src/ASF/thirdparty/fatfs/fatfs-r0.09/src/ff.o
 .ARM.attributes
                0x000005ab       0x37 src/ASF/thirdparty/fatfs/fatfs-r0.09/src/option/ccsbcs.o
 .ARM.attributes
                0x000005e2       0x37 src/example.o
 .ARM.attributes
                0x00000619       0x2e d:/arquivos de programas/atmel/studio/7.0/toolchain/arm/arm-gnu-toolchain/bin/../lib/gcc/arm-none-eabi/6.3.1/../../../../arm-none-eabi/lib/thumb/v7e-m\libc.a(lib_a-impure.o)
 .ARM.attributes
                0x00000647       0x2e d:/arquivos de programas/atmel/studio/7.0/toolchain/arm/arm-gnu-toolchain/bin/../lib/gcc/arm-none-eabi/6.3.1/../../../../arm-none-eabi/lib/thumb/v7e-m\libc.a(lib_a-init.o)
 .ARM.attributes
                0x00000675       0x2e d:/arquivos de programas/atmel/studio/7.0/toolchain/arm/arm-gnu-toolchain/bin/../lib/gcc/arm-none-eabi/6.3.1/../../../../arm-none-eabi/lib/thumb/v7e-m\libc.a(lib_a-iprintf.o)
 .ARM.attributes
                0x000006a3       0x2e d:/arquivos de programas/atmel/studio/7.0/toolchain/arm/arm-gnu-toolchain/bin/../lib/gcc/arm-none-eabi/6.3.1/../../../../arm-none-eabi/lib/thumb/v7e-m\libc.a(lib_a-memset.o)
 .ARM.attributes
                0x000006d1       0x2e d:/arquivos de programas/atmel/studio/7.0/toolchain/arm/arm-gnu-toolchain/bin/../lib/gcc/arm-none-eabi/6.3.1/../../../../arm-none-eabi/lib/thumb/v7e-m\libc.a(lib_a-setbuf.o)
 .ARM.attributes
                0x000006ff       0x2e d:/arquivos de programas/atmel/studio/7.0/toolchain/arm/arm-gnu-toolchain/bin/../lib/gcc/arm-none-eabi/6.3.1/../../../../arm-none-eabi/lib/thumb/v7e-m\libc.a(lib_a-setvbuf.o)
 .ARM.attributes
                0x0000072d       0x2e d:/arquivos de programas/atmel/studio/7.0/toolchain/arm/arm-gnu-toolchain/bin/../lib/gcc/arm-none-eabi/6.3.1/../../../../arm-none-eabi/lib/thumb/v7e-m\libc.a(lib_a-vfiprintf.o)
 .ARM.attributes
                0x0000075b       0x2e d:/arquivos de programas/atmel/studio/7.0/toolchain/arm/arm-gnu-toolchain/bin/../lib/gcc/arm-none-eabi/6.3.1/../../../../arm-none-eabi/lib/thumb/v7e-m\libc.a(lib_a-wsetup.o)
 .ARM.attributes
                0x00000789       0x2e d:/arquivos de programas/atmel/studio/7.0/toolchain/arm/arm-gnu-toolchain/bin/../lib/gcc/arm-none-eabi/6.3.1/../../../../arm-none-eabi/lib/thumb/v7e-m\libc.a(lib_a-__call_atexit.o)
 .ARM.attributes
                0x000007b7       0x2e d:/arquivos de programas/atmel/studio/7.0/toolchain/arm/arm-gnu-toolchain/bin/../lib/gcc/arm-none-eabi/6.3.1/../../../../arm-none-eabi/lib/thumb/v7e-m\libc.a(lib_a-atexit.o)
 .ARM.attributes
                0x000007e5       0x2e d:/arquivos de programas/atmel/studio/7.0/toolchain/arm/arm-gnu-toolchain/bin/../lib/gcc/arm-none-eabi/6.3.1/../../../../arm-none-eabi/lib/thumb/v7e-m\libc.a(lib_a-fflush.o)
 .ARM.attributes
                0x00000813       0x2e d:/arquivos de programas/atmel/studio/7.0/toolchain/arm/arm-gnu-toolchain/bin/../lib/gcc/arm-none-eabi/6.3.1/../../../../arm-none-eabi/lib/thumb/v7e-m\libc.a(lib_a-findfp.o)
 .ARM.attributes
                0x00000841       0x2e d:/arquivos de programas/atmel/studio/7.0/toolchain/arm/arm-gnu-toolchain/bin/../lib/gcc/arm-none-eabi/6.3.1/../../../../arm-none-eabi/lib/thumb/v7e-m\libc.a(lib_a-fini.o)
 .ARM.attributes
                0x0000086f       0x2e d:/arquivos de programas/atmel/studio/7.0/toolchain/arm/arm-gnu-toolchain/bin/../lib/gcc/arm-none-eabi/6.3.1/../../../../arm-none-eabi/lib/thumb/v7e-m\libc.a(lib_a-fputwc.o)
 .ARM.attributes
                0x0000089d       0x2e d:/arquivos de programas/atmel/studio/7.0/toolchain/arm/arm-gnu-toolchain/bin/../lib/gcc/arm-none-eabi/6.3.1/../../../../arm-none-eabi/lib/thumb/v7e-m\libc.a(lib_a-freer.o)
 .ARM.attributes
                0x000008cb       0x2e d:/arquivos de programas/atmel/studio/7.0/toolchain/arm/arm-gnu-toolchain/bin/../lib/gcc/arm-none-eabi/6.3.1/../../../../arm-none-eabi/lib/thumb/v7e-m\libc.a(lib_a-fvwrite.o)
 .ARM.attributes
                0x000008f9       0x2e d:/arquivos de programas/atmel/studio/7.0/toolchain/arm/arm-gnu-toolchain/bin/../lib/gcc/arm-none-eabi/6.3.1/../../../../arm-none-eabi/lib/thumb/v7e-m\libc.a(lib_a-fwalk.o)
 .ARM.attributes
                0x00000927       0x2e d:/arquivos de programas/atmel/studio/7.0/toolchain/arm/arm-gnu-toolchain/bin/../lib/gcc/arm-none-eabi/6.3.1/../../../../arm-none-eabi/lib/thumb/v7e-m\libc.a(lib_a-locale.o)
 .ARM.attributes
                0x00000955       0x2e d:/arquivos de programas/atmel/studio/7.0/toolchain/arm/arm-gnu-toolchain/bin/../lib/gcc/arm-none-eabi/6.3.1/../../../../arm-none-eabi/lib/thumb/v7e-m\libc.a(lib_a-lock.o)
 .ARM.attributes
                0x00000983       0x2e d:/arquivos de programas/atmel/studio/7.0/toolchain/arm/arm-gnu-toolchain/bin/../lib/gcc/arm-none-eabi/6.3.1/../../../../arm-none-eabi/lib/thumb/v7e-m\libc.a(lib_a-makebuf.o)
 .ARM.attributes
                0x000009b1       0x2e d:/arquivos de programas/atmel/studio/7.0/toolchain/arm/arm-gnu-toolchain/bin/../lib/gcc/arm-none-eabi/6.3.1/../../../../arm-none-eabi/lib/thumb/v7e-m\libc.a(lib_a-malloc.o)
 .ARM.attributes
                0x000009df       0x2e d:/arquivos de programas/atmel/studio/7.0/toolchain/arm/arm-gnu-toolchain/bin/../lib/gcc/arm-none-eabi/6.3.1/../../../../arm-none-eabi/lib/thumb/v7e-m\libc.a(lib_a-mallocr.o)
 .ARM.attributes
                0x00000a0d       0x2e d:/arquivos de programas/atmel/studio/7.0/toolchain/arm/arm-gnu-toolchain/bin/../lib/gcc/arm-none-eabi/6.3.1/../../../../arm-none-eabi/lib/thumb/v7e-m\libc.a(lib_a-mbtowc_r.o)
 .ARM.attributes
                0x00000a3b       0x1c d:/arquivos de programas/atmel/studio/7.0/toolchain/arm/arm-gnu-toolchain/bin/../lib/gcc/arm-none-eabi/6.3.1/../../../../arm-none-eabi/lib/thumb/v7e-m\libc.a(lib_a-memchr.o)
 .ARM.attributes
                0x00000a57       0x1c d:/arquivos de programas/atmel/studio/7.0/toolchain/arm/arm-gnu-toolchain/bin/../lib/gcc/arm-none-eabi/6.3.1/../../../../arm-none-eabi/lib/thumb/v7e-m\libc.a(lib_a-memcpy.o)
 .ARM.attributes
                0x00000a73       0x2e d:/arquivos de programas/atmel/studio/7.0/toolchain/arm/arm-gnu-toolchain/bin/../lib/gcc/arm-none-eabi/6.3.1/../../../../arm-none-eabi/lib/thumb/v7e-m\libc.a(lib_a-memmove.o)
 .ARM.attributes
                0x00000aa1       0x2e d:/arquivos de programas/atmel/studio/7.0/toolchain/arm/arm-gnu-toolchain/bin/../lib/gcc/arm-none-eabi/6.3.1/../../../../arm-none-eabi/lib/thumb/v7e-m\libc.a(lib_a-mlock.o)
 .ARM.attributes
                0x00000acf       0x2e d:/arquivos de programas/atmel/studio/7.0/toolchain/arm/arm-gnu-toolchain/bin/../lib/gcc/arm-none-eabi/6.3.1/../../../../arm-none-eabi/lib/thumb/v7e-m\libc.a(lib_a-reallocr.o)
 .ARM.attributes
                0x00000afd       0x2e d:/arquivos de programas/atmel/studio/7.0/toolchain/arm/arm-gnu-toolchain/bin/../lib/gcc/arm-none-eabi/6.3.1/../../../../arm-none-eabi/lib/thumb/v7e-m\libc.a(lib_a-sbrkr.o)
 .ARM.attributes
                0x00000b2b       0x2e d:/arquivos de programas/atmel/studio/7.0/toolchain/arm/arm-gnu-toolchain/bin/../lib/gcc/arm-none-eabi/6.3.1/../../../../arm-none-eabi/lib/thumb/v7e-m\libc.a(lib_a-stdio.o)
 .ARM.attributes
                0x00000b59       0x1c d:/arquivos de programas/atmel/studio/7.0/toolchain/arm/arm-gnu-toolchain/bin/../lib/gcc/arm-none-eabi/6.3.1/../../../../arm-none-eabi/lib/thumb/v7e-m\libc.a(lib_a-strlen.o)
 .ARM.attributes
                0x00000b75       0x2e d:/arquivos de programas/atmel/studio/7.0/toolchain/arm/arm-gnu-toolchain/bin/../lib/gcc/arm-none-eabi/6.3.1/../../../../arm-none-eabi/lib/thumb/v7e-m\libc.a(lib_a-wbuf.o)
 .ARM.attributes
                0x00000ba3       0x2e d:/arquivos de programas/atmel/studio/7.0/toolchain/arm/arm-gnu-toolchain/bin/../lib/gcc/arm-none-eabi/6.3.1/../../../../arm-none-eabi/lib/thumb/v7e-m\libc.a(lib_a-wcrtomb.o)
 .ARM.attributes
                0x00000bd1       0x2e d:/arquivos de programas/atmel/studio/7.0/toolchain/arm/arm-gnu-toolchain/bin/../lib/gcc/arm-none-eabi/6.3.1/../../../../arm-none-eabi/lib/thumb/v7e-m\libc.a(lib_a-wctomb_r.o)
 .ARM.attributes
                0x00000bff       0x2e d:/arquivos de programas/atmel/studio/7.0/toolchain/arm/arm-gnu-toolchain/bin/../lib/gcc/arm-none-eabi/6.3.1/../../../../arm-none-eabi/lib/thumb/v7e-m\libc.a(lib_a-writer.o)
 .ARM.attributes
                0x00000c2d       0x2e d:/arquivos de programas/atmel/studio/7.0/toolchain/arm/arm-gnu-toolchain/bin/../lib/gcc/arm-none-eabi/6.3.1/../../../../arm-none-eabi/lib/thumb/v7e-m\libc.a(lib_a-__atexit.o)
 .ARM.attributes
                0x00000c5b       0x2e d:/arquivos de programas/atmel/studio/7.0/toolchain/arm/arm-gnu-toolchain/bin/../lib/gcc/arm-none-eabi/6.3.1/../../../../arm-none-eabi/lib/thumb/v7e-m\libc.a(lib_a-closer.o)
 .ARM.attributes
                0x00000c89       0x2e d:/arquivos de programas/atmel/studio/7.0/toolchain/arm/arm-gnu-toolchain/bin/../lib/gcc/arm-none-eabi/6.3.1/../../../../arm-none-eabi/lib/thumb/v7e-m\libc.a(lib_a-ctype_.o)
 .ARM.attributes
                0x00000cb7       0x2e d:/arquivos de programas/atmel/studio/7.0/toolchain/arm/arm-gnu-toolchain/bin/../lib/gcc/arm-none-eabi/6.3.1/../../../../arm-none-eabi/lib/thumb/v7e-m\libc.a(lib_a-fclose.o)
 .ARM.attributes
                0x00000ce5       0x2e d:/arquivos de programas/atmel/studio/7.0/toolchain/arm/arm-gnu-toolchain/bin/../lib/gcc/arm-none-eabi/6.3.1/../../../../arm-none-eabi/lib/thumb/v7e-m\libc.a(lib_a-fstatr.o)
 .ARM.attributes
                0x00000d13       0x2e d:/arquivos de programas/atmel/studio/7.0/toolchain/arm/arm-gnu-toolchain/bin/../lib/gcc/arm-none-eabi/6.3.1/../../../../arm-none-eabi/lib/thumb/v7e-m\libc.a(lib_a-isattyr.o)
 .ARM.attributes
                0x00000d41       0x2e d:/arquivos de programas/atmel/studio/7.0/toolchain/arm/arm-gnu-toolchain/bin/../lib/gcc/arm-none-eabi/6.3.1/../../../../arm-none-eabi/lib/thumb/v7e-m\libc.a(lib_a-lseekr.o)
 .ARM.attributes
                0x00000d6f       0x2e d:/arquivos de programas/atmel/studio/7.0/toolchain/arm/arm-gnu-toolchain/bin/../lib/gcc/arm-none-eabi/6.3.1/../../../../arm-none-eabi/lib/thumb/v7e-m\libc.a(lib_a-readr.o)
 .ARM.attributes
                0x00000d9d       0x2e d:/arquivos de programas/atmel/studio/7.0/toolchain/arm/arm-gnu-toolchain/bin/../lib/gcc/arm-none-eabi/6.3.1/../../../../arm-none-eabi/lib/thumb/v7e-m\libc.a(lib_a-reent.o)
 .ARM.attributes
                0x00000dcb       0x1e d:/arquivos de programas/atmel/studio/7.0/toolchain/arm/arm-gnu-toolchain/bin/../lib/gcc/arm-none-eabi/6.3.1/thumb/v7e-m\libgcc.a(_aeabi_uldivmod.o)
 .ARM.attributes
                0x00000de9       0x2e d:/arquivos de programas/atmel/studio/7.0/toolchain/arm/arm-gnu-toolchain/bin/../lib/gcc/arm-none-eabi/6.3.1/thumb/v7e-m\libgcc.a(_udivmoddi4.o)
 .ARM.attributes
                0x00000e17       0x1e d:/arquivos de programas/atmel/studio/7.0/toolchain/arm/arm-gnu-toolchain/bin/../lib/gcc/arm-none-eabi/6.3.1/thumb/v7e-m\libgcc.a(_dvmd_tls.o)
 .ARM.attributes
                0x00000e35       0x1e d:/arquivos de programas/atmel/studio/7.0/toolchain/arm/arm-gnu-toolchain/bin/../lib/gcc/arm-none-eabi/6.3.1/thumb/v7e-m/crtn.o

.comment        0x00000000       0x59
 .comment       0x00000000       0x59 src/ASF/common/components/memory/sd_mmc/sd_mmc.o
                                 0x5a (size before relaxing)
 .comment       0x00000059       0x5a src/ASF/common/components/memory/sd_mmc/sd_mmc_mem.o
 .comment       0x00000059       0x5a src/ASF/common/services/clock/same70/sysclk.o
 .comment       0x00000059       0x5a src/ASF/common/services/delay/sam/cycle_counter.o
 .comment       0x00000059       0x5a src/ASF/common/services/storage/ctrl_access/ctrl_access.o
 .comment       0x00000059       0x5a src/ASF/common/utils/interrupt/interrupt_sam_nvic.o
 .comment       0x00000059       0x5a src/ASF/common/utils/stdio/read.o
 .comment       0x00000059       0x5a src/ASF/common/utils/stdio/write.o
 .comment       0x00000059       0x5a src/ASF/sam/boards/same70_xplained/init.o
 .comment       0x00000059       0x5a src/ASF/sam/drivers/hsmci/hsmci.o
 .comment       0x00000059       0x5a src/ASF/sam/drivers/mpu/mpu.o
 .comment       0x00000059       0x5a src/ASF/sam/drivers/pio/pio.o
 .comment       0x00000059       0x5a src/ASF/sam/drivers/pio/pio_handler.o
 .comment       0x00000059       0x5a src/ASF/sam/drivers/pmc/pmc.o
 .comment       0x00000059       0x5a src/ASF/sam/drivers/rtc/rtc.o
 .comment       0x00000059       0x5a src/ASF/sam/drivers/twihs/twihs.o
 .comment       0x00000059       0x5a src/ASF/sam/drivers/uart/uart.o
 .comment       0x00000059       0x5a src/ASF/sam/drivers/usart/usart.o
 .comment       0x00000059       0x5a src/ASF/sam/drivers/xdmac/xdmac.o
 .comment       0x00000059       0x5a src/ASF/sam/utils/cmsis/same70/source/templates/gcc/startup_same70.o
 .comment       0x00000059       0x5a src/ASF/sam/utils/cmsis/same70/source/templates/system_same70.o
 .comment       0x00000059       0x5a src/ASF/sam/utils/syscalls/gcc/syscalls.o
 .comment       0x00000059       0x5a src/ASF/thirdparty/fatfs/fatfs-port-r0.09/diskio.o
 .comment       0x00000059       0x5a src/ASF/thirdparty/fatfs/fatfs-port-r0.09/sam/fattime_rtc.o
 .comment       0x00000059       0x5a src/ASF/thirdparty/fatfs/fatfs-r0.09/src/ff.o
 .comment       0x00000059       0x5a src/ASF/thirdparty/fatfs/fatfs-r0.09/src/option/ccsbcs.o
 .comment       0x00000059       0x5a src/example.o

.debug_info     0x00000000    0x254e0
 .debug_info    0x00000000     0x2fa6 src/ASF/common/components/memory/sd_mmc/sd_mmc.o
 .debug_info    0x00002fa6     0x116e src/ASF/common/components/memory/sd_mmc/sd_mmc_mem.o
 .debug_info    0x00004114     0x1267 src/ASF/common/services/clock/same70/sysclk.o
 .debug_info    0x0000537b      0xa45 src/ASF/common/services/delay/sam/cycle_counter.o
 .debug_info    0x00005dc0      0xf0c src/ASF/common/services/storage/ctrl_access/ctrl_access.o
 .debug_info    0x00006ccc      0xb01 src/ASF/common/utils/interrupt/interrupt_sam_nvic.o
 .debug_info    0x000077cd      0xac9 src/ASF/common/utils/stdio/read.o
 .debug_info    0x00008296      0xac6 src/ASF/common/utils/stdio/write.o
 .debug_info    0x00008d5c     0x284a src/ASF/sam/boards/same70_xplained/init.o
 .debug_info    0x0000b5a6     0x1ecc src/ASF/sam/drivers/hsmci/hsmci.o
 .debug_info    0x0000d472      0xe1b src/ASF/sam/drivers/mpu/mpu.o
 .debug_info    0x0000e28d     0x2150 src/ASF/sam/drivers/pio/pio.o
 .debug_info    0x000103dd     0x1b22 src/ASF/sam/drivers/pio/pio_handler.o
 .debug_info    0x00011eff     0x1e0e src/ASF/sam/drivers/pmc/pmc.o
 .debug_info    0x00013d0d     0x10f7 src/ASF/sam/drivers/rtc/rtc.o
 .debug_info    0x00014e04     0x153d src/ASF/sam/drivers/twihs/twihs.o
 .debug_info    0x00016341     0x103b src/ASF/sam/drivers/uart/uart.o
 .debug_info    0x0001737c     0x2324 src/ASF/sam/drivers/usart/usart.o
 .debug_info    0x000196a0     0x109e src/ASF/sam/drivers/xdmac/xdmac.o
 .debug_info    0x0001a73e     0x156a src/ASF/sam/utils/cmsis/same70/source/templates/gcc/startup_same70.o
 .debug_info    0x0001bca8      0x55b src/ASF/sam/utils/cmsis/same70/source/templates/system_same70.o
 .debug_info    0x0001c203      0xdb0 src/ASF/sam/utils/syscalls/gcc/syscalls.o
 .debug_info    0x0001cfb3      0xe3e src/ASF/thirdparty/fatfs/fatfs-port-r0.09/diskio.o
 .debug_info    0x0001ddf1      0xbe1 src/ASF/thirdparty/fatfs/fatfs-port-r0.09/sam/fattime_rtc.o
 .debug_info    0x0001e9d2     0x339c src/ASF/thirdparty/fatfs/fatfs-r0.09/src/ff.o
 .debug_info    0x00021d6e      0x16d src/ASF/thirdparty/fatfs/fatfs-r0.09/src/option/ccsbcs.o
 .debug_info    0x00021edb     0x3605 src/example.o

.debug_abbrev   0x00000000     0x4da6
 .debug_abbrev  0x00000000      0x465 src/ASF/common/components/memory/sd_mmc/sd_mmc.o
 .debug_abbrev  0x00000465      0x2ec src/ASF/common/components/memory/sd_mmc/sd_mmc_mem.o
 .debug_abbrev  0x00000751      0x31f src/ASF/common/services/clock/same70/sysclk.o
 .debug_abbrev  0x00000a70      0x1b3 src/ASF/common/services/delay/sam/cycle_counter.o
 .debug_abbrev  0x00000c23      0x28c src/ASF/common/services/storage/ctrl_access/ctrl_access.o
 .debug_abbrev  0x00000eaf      0x212 src/ASF/common/utils/interrupt/interrupt_sam_nvic.o
 .debug_abbrev  0x000010c1      0x1fe src/ASF/common/utils/stdio/read.o
 .debug_abbrev  0x000012bf      0x1e9 src/ASF/common/utils/stdio/write.o
 .debug_abbrev  0x000014a8      0x384 src/ASF/sam/boards/same70_xplained/init.o
 .debug_abbrev  0x0000182c      0x4fa src/ASF/sam/drivers/hsmci/hsmci.o
 .debug_abbrev  0x00001d26      0x328 src/ASF/sam/drivers/mpu/mpu.o
 .debug_abbrev  0x0000204e      0x410 src/ASF/sam/drivers/pio/pio.o
 .debug_abbrev  0x0000245e      0x32f src/ASF/sam/drivers/pio/pio_handler.o
 .debug_abbrev  0x0000278d      0x369 src/ASF/sam/drivers/pmc/pmc.o
 .debug_abbrev  0x00002af6      0x2e3 src/ASF/sam/drivers/rtc/rtc.o
 .debug_abbrev  0x00002dd9      0x392 src/ASF/sam/drivers/twihs/twihs.o
 .debug_abbrev  0x0000316b      0x26e src/ASF/sam/drivers/uart/uart.o
 .debug_abbrev  0x000033d9      0x3bd src/ASF/sam/drivers/usart/usart.o
 .debug_abbrev  0x00003796      0x238 src/ASF/sam/drivers/xdmac/xdmac.o
 .debug_abbrev  0x000039ce      0x2e4 src/ASF/sam/utils/cmsis/same70/source/templates/gcc/startup_same70.o
 .debug_abbrev  0x00003cb2      0x102 src/ASF/sam/utils/cmsis/same70/source/templates/system_same70.o
 .debug_abbrev  0x00003db4      0x264 src/ASF/sam/utils/syscalls/gcc/syscalls.o
 .debug_abbrev  0x00004018      0x2d7 src/ASF/thirdparty/fatfs/fatfs-port-r0.09/diskio.o
 .debug_abbrev  0x000042ef      0x1fa src/ASF/thirdparty/fatfs/fatfs-port-r0.09/sam/fattime_rtc.o
 .debug_abbrev  0x000044e9      0x321 src/ASF/thirdparty/fatfs/fatfs-r0.09/src/ff.o
 .debug_abbrev  0x0000480a       0xc7 src/ASF/thirdparty/fatfs/fatfs-r0.09/src/option/ccsbcs.o
 .debug_abbrev  0x000048d1      0x4d5 src/example.o

.debug_loc      0x00000000     0xf4cc
 .debug_loc     0x00000000     0x1a36 src/ASF/common/components/memory/sd_mmc/sd_mmc.o
 .debug_loc     0x00001a36      0x5ff src/ASF/common/components/memory/sd_mmc/sd_mmc_mem.o
 .debug_loc     0x00002035      0x183 src/ASF/common/services/clock/same70/sysclk.o
 .debug_loc     0x000021b8      0x3d6 src/ASF/common/services/storage/ctrl_access/ctrl_access.o
 .debug_loc     0x0000258e       0xb3 src/ASF/common/utils/stdio/read.o
 .debug_loc     0x00002641      0x12b src/ASF/common/utils/stdio/write.o
 .debug_loc     0x0000276c      0x5dd src/ASF/sam/boards/same70_xplained/init.o
 .debug_loc     0x00002d49      0xea8 src/ASF/sam/drivers/hsmci/hsmci.o
 .debug_loc     0x00003bf1      0x181 src/ASF/sam/drivers/mpu/mpu.o
 .debug_loc     0x00003d72      0xea4 src/ASF/sam/drivers/pio/pio.o
 .debug_loc     0x00004c16      0x588 src/ASF/sam/drivers/pio/pio_handler.o
 .debug_loc     0x0000519e      0xce3 src/ASF/sam/drivers/pmc/pmc.o
 .debug_loc     0x00005e81      0x8d0 src/ASF/sam/drivers/rtc/rtc.o
 .debug_loc     0x00006751      0xc59 src/ASF/sam/drivers/twihs/twihs.o
 .debug_loc     0x000073aa      0x2a3 src/ASF/sam/drivers/uart/uart.o
 .debug_loc     0x0000764d      0xf35 src/ASF/sam/drivers/usart/usart.o
 .debug_loc     0x00008582      0x239 src/ASF/sam/drivers/xdmac/xdmac.o
 .debug_loc     0x000087bb       0x77 src/ASF/sam/utils/cmsis/same70/source/templates/gcc/startup_same70.o
 .debug_loc     0x00008832       0xfd src/ASF/sam/utils/syscalls/gcc/syscalls.o
 .debug_loc     0x0000892f      0x659 src/ASF/thirdparty/fatfs/fatfs-port-r0.09/diskio.o
 .debug_loc     0x00008f88       0x5d src/ASF/thirdparty/fatfs/fatfs-port-r0.09/sam/fattime_rtc.o
 .debug_loc     0x00008fe5     0x5add src/ASF/thirdparty/fatfs/fatfs-r0.09/src/ff.o
 .debug_loc     0x0000eac2      0x12d src/ASF/thirdparty/fatfs/fatfs-r0.09/src/option/ccsbcs.o
 .debug_loc     0x0000ebef      0x8dd src/example.o

.debug_aranges  0x00000000     0x10a8
 .debug_aranges
                0x00000000       0xc8 src/ASF/common/components/memory/sd_mmc/sd_mmc.o
 .debug_aranges
                0x000000c8       0xc0 src/ASF/common/components/memory/sd_mmc/sd_mmc_mem.o
 .debug_aranges
                0x00000188       0x40 src/ASF/common/services/clock/same70/sysclk.o
 .debug_aranges
                0x000001c8       0x20 src/ASF/common/services/delay/sam/cycle_counter.o
 .debug_aranges
                0x000001e8       0x70 src/ASF/common/services/storage/ctrl_access/ctrl_access.o
 .debug_aranges
                0x00000258       0x28 src/ASF/common/utils/interrupt/interrupt_sam_nvic.o
 .debug_aranges
                0x00000280       0x20 src/ASF/common/utils/stdio/read.o
 .debug_aranges
                0x000002a0       0x20 src/ASF/common/utils/stdio/write.o
 .debug_aranges
                0x000002c0       0x20 src/ASF/sam/boards/same70_xplained/init.o
 .debug_aranges
                0x000002e0       0xb0 src/ASF/sam/drivers/hsmci/hsmci.o
 .debug_aranges
                0x00000390       0x48 src/ASF/sam/drivers/mpu/mpu.o
 .debug_aranges
                0x000003d8      0x1a8 src/ASF/sam/drivers/pio/pio.o
 .debug_aranges
                0x00000580       0x60 src/ASF/sam/drivers/pio/pio_handler.o
 .debug_aranges
                0x000005e0      0x250 src/ASF/sam/drivers/pmc/pmc.o
 .debug_aranges
                0x00000830       0xb8 src/ASF/sam/drivers/rtc/rtc.o
 .debug_aranges
                0x000008e8       0xe8 src/ASF/sam/drivers/twihs/twihs.o
 .debug_aranges
                0x000009d0       0xd8 src/ASF/sam/drivers/uart/uart.o
 .debug_aranges
                0x00000aa8      0x2a8 src/ASF/sam/drivers/usart/usart.o
 .debug_aranges
                0x00000d50       0x20 src/ASF/sam/drivers/xdmac/xdmac.o
 .debug_aranges
                0x00000d70       0x28 src/ASF/sam/utils/cmsis/same70/source/templates/gcc/startup_same70.o
 .debug_aranges
                0x00000d98       0x30 src/ASF/sam/utils/cmsis/same70/source/templates/system_same70.o
 .debug_aranges
                0x00000dc8       0x60 src/ASF/sam/utils/syscalls/gcc/syscalls.o
 .debug_aranges
                0x00000e28       0x40 src/ASF/thirdparty/fatfs/fatfs-port-r0.09/diskio.o
 .debug_aranges
                0x00000e68       0x20 src/ASF/thirdparty/fatfs/fatfs-port-r0.09/sam/fattime_rtc.o
 .debug_aranges
                0x00000e88      0x170 src/ASF/thirdparty/fatfs/fatfs-r0.09/src/ff.o
 .debug_aranges
                0x00000ff8       0x28 src/ASF/thirdparty/fatfs/fatfs-r0.09/src/option/ccsbcs.o
 .debug_aranges
                0x00001020       0x88 src/example.o

.debug_ranges   0x00000000     0x1318
 .debug_ranges  0x00000000      0x248 src/ASF/common/components/memory/sd_mmc/sd_mmc.o
 .debug_ranges  0x00000248       0xb0 src/ASF/common/components/memory/sd_mmc/sd_mmc_mem.o
 .debug_ranges  0x000002f8       0x30 src/ASF/common/services/clock/same70/sysclk.o
 .debug_ranges  0x00000328       0x10 src/ASF/common/services/delay/sam/cycle_counter.o
 .debug_ranges  0x00000338       0x60 src/ASF/common/services/storage/ctrl_access/ctrl_access.o
 .debug_ranges  0x00000398       0x18 src/ASF/common/utils/interrupt/interrupt_sam_nvic.o
 .debug_ranges  0x000003b0       0x10 src/ASF/common/utils/stdio/read.o
 .debug_ranges  0x000003c0       0x10 src/ASF/common/utils/stdio/write.o
 .debug_ranges  0x000003d0       0x10 src/ASF/sam/boards/same70_xplained/init.o
 .debug_ranges  0x000003e0       0xf8 src/ASF/sam/drivers/hsmci/hsmci.o
 .debug_ranges  0x000004d8       0x38 src/ASF/sam/drivers/mpu/mpu.o
 .debug_ranges  0x00000510      0x2a0 src/ASF/sam/drivers/pio/pio.o
 .debug_ranges  0x000007b0       0x68 src/ASF/sam/drivers/pio/pio_handler.o
 .debug_ranges  0x00000818      0x240 src/ASF/sam/drivers/pmc/pmc.o
 .debug_ranges  0x00000a58       0xa8 src/ASF/sam/drivers/rtc/rtc.o
 .debug_ranges  0x00000b00       0xd8 src/ASF/sam/drivers/twihs/twihs.o
 .debug_ranges  0x00000bd8       0xc8 src/ASF/sam/drivers/uart/uart.o
 .debug_ranges  0x00000ca0      0x298 src/ASF/sam/drivers/usart/usart.o
 .debug_ranges  0x00000f38       0x10 src/ASF/sam/drivers/xdmac/xdmac.o
 .debug_ranges  0x00000f48       0x18 src/ASF/sam/utils/cmsis/same70/source/templates/gcc/startup_same70.o
 .debug_ranges  0x00000f60       0x20 src/ASF/sam/utils/cmsis/same70/source/templates/system_same70.o
 .debug_ranges  0x00000f80       0x50 src/ASF/sam/utils/syscalls/gcc/syscalls.o
 .debug_ranges  0x00000fd0       0x48 src/ASF/thirdparty/fatfs/fatfs-port-r0.09/diskio.o
 .debug_ranges  0x00001018       0x10 src/ASF/thirdparty/fatfs/fatfs-port-r0.09/sam/fattime_rtc.o
 .debug_ranges  0x00001028      0x260 src/ASF/thirdparty/fatfs/fatfs-r0.09/src/ff.o
 .debug_ranges  0x00001288       0x18 src/ASF/thirdparty/fatfs/fatfs-r0.09/src/option/ccsbcs.o
 .debug_ranges  0x000012a0       0x78 src/example.o

.debug_macro    0x00000000    0x2545c
 .debug_macro   0x00000000      0x81b src/ASF/common/components/memory/sd_mmc/sd_mmc.o
 .debug_macro   0x0000081b      0x8d4 src/ASF/common/components/memory/sd_mmc/sd_mmc.o
 .debug_macro   0x000010ef       0x22 src/ASF/common/components/memory/sd_mmc/sd_mmc.o
 .debug_macro   0x00001111       0x52 src/ASF/common/components/memory/sd_mmc/sd_mmc.o
 .debug_macro   0x00001163       0x8d src/ASF/common/components/memory/sd_mmc/sd_mmc.o
 .debug_macro   0x000011f0       0x35 src/ASF/common/components/memory/sd_mmc/sd_mmc.o
 .debug_macro   0x00001225       0x9c src/ASF/common/components/memory/sd_mmc/sd_mmc.o
 .debug_macro   0x000012c1      0x16d src/ASF/common/components/memory/sd_mmc/sd_mmc.o
 .debug_macro   0x0000142e       0x57 src/ASF/common/components/memory/sd_mmc/sd_mmc.o
 .debug_macro   0x00001485       0x58 src/ASF/common/components/memory/sd_mmc/sd_mmc.o
 .debug_macro   0x000014dd       0x1f src/ASF/common/components/memory/sd_mmc/sd_mmc.o
 .debug_macro   0x000014fc       0x43 src/ASF/common/components/memory/sd_mmc/sd_mmc.o
 .debug_macro   0x0000153f       0x20 src/ASF/common/components/memory/sd_mmc/sd_mmc.o
 .debug_macro   0x0000155f      0x187 src/ASF/common/components/memory/sd_mmc/sd_mmc.o
 .debug_macro   0x000016e6      0x353 src/ASF/common/components/memory/sd_mmc/sd_mmc.o
 .debug_macro   0x00001a39       0x10 src/ASF/common/components/memory/sd_mmc/sd_mmc.o
 .debug_macro   0x00001a49       0x35 src/ASF/common/components/memory/sd_mmc/sd_mmc.o
 .debug_macro   0x00001a7e       0x28 src/ASF/common/components/memory/sd_mmc/sd_mmc.o
 .debug_macro   0x00001aa6      0x64b src/ASF/common/components/memory/sd_mmc/sd_mmc.o
 .debug_macro   0x000020f1       0x76 src/ASF/common/components/memory/sd_mmc/sd_mmc.o
 .debug_macro   0x00002167       0x16 src/ASF/common/components/memory/sd_mmc/sd_mmc.o
 .debug_macro   0x0000217d      0x6e4 src/ASF/common/components/memory/sd_mmc/sd_mmc.o
 .debug_macro   0x00002861       0xef src/ASF/common/components/memory/sd_mmc/sd_mmc.o
 .debug_macro   0x00002950       0x6a src/ASF/common/components/memory/sd_mmc/sd_mmc.o
 .debug_macro   0x000029ba      0x1df src/ASF/common/components/memory/sd_mmc/sd_mmc.o
 .debug_macro   0x00002b99       0x4a src/ASF/common/components/memory/sd_mmc/sd_mmc.o
 .debug_macro   0x00002be3       0x3b src/ASF/common/components/memory/sd_mmc/sd_mmc.o
 .debug_macro   0x00002c1e       0x2d src/ASF/common/components/memory/sd_mmc/sd_mmc.o
 .debug_macro   0x00002c4b       0x26 src/ASF/common/components/memory/sd_mmc/sd_mmc.o
 .debug_macro   0x00002c71      0xf9a src/ASF/common/components/memory/sd_mmc/sd_mmc.o
 .debug_macro   0x00003c0b      0x175 src/ASF/common/components/memory/sd_mmc/sd_mmc.o
 .debug_macro   0x00003d80      0x257 src/ASF/common/components/memory/sd_mmc/sd_mmc.o
 .debug_macro   0x00003fd7      0xa0f src/ASF/common/components/memory/sd_mmc/sd_mmc.o
 .debug_macro   0x000049e6      0x1b9 src/ASF/common/components/memory/sd_mmc/sd_mmc.o
 .debug_macro   0x00004b9f      0x336 src/ASF/common/components/memory/sd_mmc/sd_mmc.o
 .debug_macro   0x00004ed5      0x15b src/ASF/common/components/memory/sd_mmc/sd_mmc.o
 .debug_macro   0x00005030     0x1851 src/ASF/common/components/memory/sd_mmc/sd_mmc.o
 .debug_macro   0x00006881       0x1c src/ASF/common/components/memory/sd_mmc/sd_mmc.o
 .debug_macro   0x0000689d      0x68d src/ASF/common/components/memory/sd_mmc/sd_mmc.o
 .debug_macro   0x00006f2a      0x31e src/ASF/common/components/memory/sd_mmc/sd_mmc.o
 .debug_macro   0x00007248      0x4d4 src/ASF/common/components/memory/sd_mmc/sd_mmc.o
 .debug_macro   0x0000771c      0x56e src/ASF/common/components/memory/sd_mmc/sd_mmc.o
 .debug_macro   0x00007c8a     0x1332 src/ASF/common/components/memory/sd_mmc/sd_mmc.o
 .debug_macro   0x00008fbc     0x278d src/ASF/common/components/memory/sd_mmc/sd_mmc.o
 .debug_macro   0x0000b749     0x102b src/ASF/common/components/memory/sd_mmc/sd_mmc.o
 .debug_macro   0x0000c774      0xe01 src/ASF/common/components/memory/sd_mmc/sd_mmc.o
 .debug_macro   0x0000d575      0x3b1 src/ASF/common/components/memory/sd_mmc/sd_mmc.o
 .debug_macro   0x0000d926       0xa0 src/ASF/common/components/memory/sd_mmc/sd_mmc.o